fsl_gpio.h:157:20:GPIO_WritePinOutput	24	static
fsl_gpio.h:175:20:GPIO_SetPinsOutput	16	static
fsl_gpio.h:186:20:GPIO_ClearPinsOutput	16	static
fsl_gpio.h:197:20:GPIO_TogglePinsOutput	16	static
fsl_dac.h:210:20:DAC_Enable	16	static
fsl_adc16.h:382:20:ADC16_EnableHardwareTrigger	16	static
fsl_adc16.h:500:24:ADC16_GetChannelConversionValue	16	static
fsl_dma.h:558:20:DMA_StartTransfer	16	static
fsl_dmamux.h:98:20:DMAMUX_EnableChannel	16	static
fsl_dmamux.h:128:20:DMAMUX_SetSource	24	static
PES_Project_6_Program_2.c:96:13:DMA_Callback	16	static
PES_Project_6_Program_2.c:108:5:main	24	static
PES_Project_6_Program_2.c:239:13:SwTimerCallback	16	static
PES_Project_6_Program_2.c:266:13:dac_task	32	static
PES_Project_6_Program_2.c:291:13:adc_task	32	static
PES_Project_6_Program_2.c:337:13:dsp_task	32	static
PES_Project_6_Program_2.c:374:13:Print_Timestamp	8	static
