Archive member included to satisfy reference by file (symbol)

c:/nxp/mcuxpressoide_11.0.0_2516/ide/plugins/com.nxp.mcuxpresso.tools.win32_11.0.0.201905131304/tools/bin/../lib/gcc/arm-none-eabi/8.2.1/../../../../arm-none-eabi/lib/thumb/v6-m/nofp\libcr_semihost_nf.a(_cr__main.o)
                              ./startup/startup_mkl25z4.o (__main)
c:/nxp/mcuxpressoide_11.0.0_2516/ide/plugins/com.nxp.mcuxpresso.tools.win32_11.0.0.201905131304/tools/bin/../lib/gcc/arm-none-eabi/8.2.1/../../../../arm-none-eabi/lib/thumb/v6-m/nofp\libcr_semihost_nf.a(_cr_assert.o)
                              ./source/PES_Project_6_Program_2.o (__assertion_failed)
c:/nxp/mcuxpressoide_11.0.0_2516/ide/plugins/com.nxp.mcuxpresso.tools.win32_11.0.0.201905131304/tools/bin/../lib/gcc/arm-none-eabi/8.2.1/../../../../arm-none-eabi/lib/thumb/v6-m/nofp\libcr_semihost_nf.a(__ciob.o)
                              c:/nxp/mcuxpressoide_11.0.0_2516/ide/plugins/com.nxp.mcuxpresso.tools.win32_11.0.0.201905131304/tools/bin/../lib/gcc/arm-none-eabi/8.2.1/../../../../arm-none-eabi/lib/thumb/v6-m/nofp\libcr_semihost_nf.a(_cr_assert.o) (__Ciob)
c:/nxp/mcuxpressoide_11.0.0_2516/ide/plugins/com.nxp.mcuxpresso.tools.win32_11.0.0.201905131304/tools/bin/../lib/gcc/arm-none-eabi/8.2.1/../../../../arm-none-eabi/lib/thumb/v6-m/nofp\libcr_semihost_nf.a(__sys_appexit.o)
                              c:/nxp/mcuxpressoide_11.0.0_2516/ide/plugins/com.nxp.mcuxpresso.tools.win32_11.0.0.201905131304/tools/bin/../lib/gcc/arm-none-eabi/8.2.1/../../../../arm-none-eabi/lib/thumb/v6-m/nofp\libcr_semihost_nf.a(_cr_assert.o) (__sys_appexit)
c:/nxp/mcuxpressoide_11.0.0_2516/ide/plugins/com.nxp.mcuxpresso.tools.win32_11.0.0.201905131304/tools/bin/../lib/gcc/arm-none-eabi/8.2.1/../../../../arm-none-eabi/lib/thumb/v6-m/nofp\libcr_c.a(memcpy.o)
                              ./freertos/queue.o (memcpy)
c:/nxp/mcuxpressoide_11.0.0_2516/ide/plugins/com.nxp.mcuxpresso.tools.win32_11.0.0.201905131304/tools/bin/../lib/gcc/arm-none-eabi/8.2.1/../../../../arm-none-eabi/lib/thumb/v6-m/nofp\libcr_c.a(memset.o)
                              ./freertos/tasks.o (memset)
c:/nxp/mcuxpressoide_11.0.0_2516/ide/plugins/com.nxp.mcuxpresso.tools.win32_11.0.0.201905131304/tools/bin/../lib/gcc/arm-none-eabi/8.2.1/../../../../arm-none-eabi/lib/thumb/v6-m/nofp\libcr_c.a(_deferredlazyseek.o)
                              c:/nxp/mcuxpressoide_11.0.0_2516/ide/plugins/com.nxp.mcuxpresso.tools.win32_11.0.0.201905131304/tools/bin/../lib/gcc/arm-none-eabi/8.2.1/../../../../arm-none-eabi/lib/thumb/v6-m/nofp\libcr_semihost_nf.a(_cr_assert.o) (__flsbuf)
c:/nxp/mcuxpressoide_11.0.0_2516/ide/plugins/com.nxp.mcuxpresso.tools.win32_11.0.0.201905131304/tools/bin/../lib/gcc/arm-none-eabi/8.2.1/../../../../arm-none-eabi/lib/thumb/v6-m/nofp\libcr_c.a(_fflush.o)
                              c:/nxp/mcuxpressoide_11.0.0_2516/ide/plugins/com.nxp.mcuxpresso.tools.win32_11.0.0.201905131304/tools/bin/../lib/gcc/arm-none-eabi/8.2.1/../../../../arm-none-eabi/lib/thumb/v6-m/nofp\libcr_c.a(_deferredlazyseek.o) (_fflush)
c:/nxp/mcuxpressoide_11.0.0_2516/ide/plugins/com.nxp.mcuxpresso.tools.win32_11.0.0.201905131304/tools/bin/../lib/gcc/arm-none-eabi/8.2.1/../../../../arm-none-eabi/lib/thumb/v6-m/nofp\libcr_c.a(_writebuf.o)
                              c:/nxp/mcuxpressoide_11.0.0_2516/ide/plugins/com.nxp.mcuxpresso.tools.win32_11.0.0.201905131304/tools/bin/../lib/gcc/arm-none-eabi/8.2.1/../../../../arm-none-eabi/lib/thumb/v6-m/nofp\libcr_c.a(_deferredlazyseek.o) (_Cwritebuf)
c:/nxp/mcuxpressoide_11.0.0_2516/ide/plugins/com.nxp.mcuxpresso.tools.win32_11.0.0.201905131304/tools/bin/../lib/gcc/arm-none-eabi/8.2.1/../../../../arm-none-eabi/lib/thumb/v6-m/nofp\libcr_c.a(alloc.o)
                              ./source/PES_Project_6_Program_2.o (malloc)
c:/nxp/mcuxpressoide_11.0.0_2516/ide/plugins/com.nxp.mcuxpresso.tools.win32_11.0.0.201905131304/tools/bin/../lib/gcc/arm-none-eabi/8.2.1/../../../../arm-none-eabi/lib/thumb/v6-m/nofp\libcr_c.a(fputs.o)
                              c:/nxp/mcuxpressoide_11.0.0_2516/ide/plugins/com.nxp.mcuxpresso.tools.win32_11.0.0.201905131304/tools/bin/../lib/gcc/arm-none-eabi/8.2.1/../../../../arm-none-eabi/lib/thumb/v6-m/nofp\libcr_semihost_nf.a(_cr_assert.o) (fputs)
c:/nxp/mcuxpressoide_11.0.0_2516/ide/plugins/com.nxp.mcuxpresso.tools.win32_11.0.0.201905131304/tools/bin/../lib/gcc/arm-none-eabi/8.2.1/../../../../arm-none-eabi/lib/thumb/v6-m/nofp\libcr_c.a(fseek.o)
                              c:/nxp/mcuxpressoide_11.0.0_2516/ide/plugins/com.nxp.mcuxpresso.tools.win32_11.0.0.201905131304/tools/bin/../lib/gcc/arm-none-eabi/8.2.1/../../../../arm-none-eabi/lib/thumb/v6-m/nofp\libcr_c.a(_deferredlazyseek.o) (fseek)
c:/nxp/mcuxpressoide_11.0.0_2516/ide/plugins/com.nxp.mcuxpresso.tools.win32_11.0.0.201905131304/tools/bin/../lib/gcc/arm-none-eabi/8.2.1/../../../../arm-none-eabi/lib/thumb/v6-m/nofp\libcr_c.a(ftell.o)
[...]
Memory Configuration

Name             Origin             Length             Attributes
PROGRAM_FLASH    0x00000000         0x00020000         xr
SRAM             0x1ffff000         0x00004000         xrw
*default*        0x00000000         0xffffffff

Linker script and memory map

LOAD ./utilities/fsl_debug_console.o
LOAD ./startup/startup_mkl25z4.o
LOAD ./source/PES_Project_6_Program_2.o
LOAD ./source/circular_buffer.o
LOAD ./source/logger.o
LOAD ./source/mtb.o
LOAD ./source/semihost_hardfault.o
LOAD ./freertos/croutine.o
LOAD ./freertos/event_groups.o
LOAD ./freertos/fsl_tickless_lptmr.o
LOAD ./freertos/fsl_tickless_systick.o
LOAD ./freertos/heap_4.o
LOAD ./freertos/list.o
LOAD ./freertos/port.o
LOAD ./freertos/queue.o
LOAD ./freertos/tasks.o
LOAD ./freertos/timers.o
LOAD ./drivers/fsl_adc16.o
LOAD ./drivers/fsl_clock.o
LOAD ./drivers/fsl_common.o
LOAD ./drivers/fsl_dac.o
LOAD ./drivers/fsl_dma.o
LOAD ./drivers/fsl_dmamux.o
LOAD ./drivers/fsl_flash.o
LOAD ./drivers/fsl_gpio.o
LOAD ./drivers/fsl_lpsci.o
LOAD ./drivers/fsl_lpsci_freertos.o
LOAD ./drivers/fsl_smc.o
LOAD ./drivers/fsl_uart.o
LOAD ./drivers/fsl_uart_freertos.o
LOAD ./board/board.o
LOAD ./board/clock_config.o
LOAD ./board/pin_mux.o
LOAD ./CMSIS/system_MKL25Z4.o
START GROUP
LOAD c:/nxp/mcuxpressoide_11.0.0_2516/ide/plugins/com.nxp.mcuxpresso.tools.win32_11.0.0.201905131304/tools/bin/../lib/gcc/arm-none-eabi/8.2.1/../../../../arm-none-eabi/lib/thumb/v6-m/nofp\libcr_semihost_nf.a
LOAD c:/nxp/mcuxpressoide_11.0.0_2516/ide/plugins/com.nxp.mcuxpresso.tools.win32_11.0.0.201905131304/tools/bin/../lib/gcc/arm-none-eabi/8.2.1/../../../../arm-none-eabi/lib/thumb/v6-m/nofp\libcr_c.a
LOAD c:/nxp/mcuxpressoide_11.0.0_2516/ide/plugins/com.nxp.mcuxpresso.tools.win32_11.0.0.201905131304/tools/bin/../lib/gcc/arm-none-eabi/8.2.1/thumb/v6-m/nofp\libcr_eabihelpers.a
LOAD c:/nxp/mcuxpressoide_11.0.0_2516/ide/plugins/com.nxp.mcuxpresso.tools.win32_11.0.0.201905131304/tools/bin/../lib/gcc/arm-none-eabi/8.2.1/thumb/v6-m/nofp\libgcc.a
END GROUP
                0x00000000                __base_PROGRAM_FLASH = 0x0
                0x00000000                __base_Flash = 0x0
                0x00020000                __top_PROGRAM_FLASH = 0x20000
                0x00020000                __top_Flash = 0x20000
                0x1ffff000                __base_SRAM = 0x1ffff000
                0x1ffff000                __base_RAM = 0x1ffff000
                0x20003000                __top_SRAM = 0x20003000
                0x20003000                __top_RAM = 0x20003000

.text           0x00000000     0x8d3c
 FILL mask 0xff
                0x00000000                __vectors_start__ = ABSOLUTE (.)
 *(SORT_BY_ALIGNMENT(.isr_vector))
 .isr_vector    0x00000000       0xc0 ./startup/startup_mkl25z4.o
                0x00000000                g_pfnVectors
                0x00000000                __Vectors
                0x000000c0                . = ALIGN (0x4)
                0x000000c0                __section_table_start = .
                0x000000c0                __data_section_table = .
                0x000000c0        0x4 LONG 0x8d3c LOADADDR (.data)
                0x000000c4        0x4 LONG 0x1ffff080 ADDR (.data)
                0x000000c8        0x4 LONG 0xd4 SIZEOF (.data)
                0x000000cc                __data_section_table_end = .
                0x000000cc                __bss_section_table = .
                0x000000cc        0x4 LONG 0x1ffff154 ADDR (.bss)
                0x000000d0        0x4 LONG 0x2d08 SIZEOF (.bss)
                0x000000d4                __bss_section_table_end = .
                0x000000d4                __section_table_end = .
 *(SORT_BY_ALIGNMENT(.after_vectors*))
 .after_vectors.reset
                0x000000d4       0x4c ./startup/startup_mkl25z4.o
                0x000000d4                ResetISR
 .after_vectors.init_data
                0x00000120       0x12 ./startup/startup_mkl25z4.o
                0x00000120                data_init
 .after_vectors.init_bss
                0x00000132       0x10 ./startup/startup_mkl25z4.o
                0x00000132                bss_init
 .after_vectors
                0x00000142      0x10c ./startup/startup_mkl25z4.o
                0x00000142                NMI_Handler
                0x0000014c                I2C0_DriverIRQHandler
                0x0000014c                SPI1_DriverIRQHandler
                0x0000014c                LPTMR0_DriverIRQHandler
                0x0000014c                Reserved39_DriverIRQHandler
                0x0000014c                PIT_DriverIRQHandler
                0x0000014c                PORTD_DriverIRQHandler
                0x0000014c                CMP0_DriverIRQHandler
                0x0000014c                ADC0_DriverIRQHandler
                0x0000014c                TPM2_DriverIRQHandler
                0x0000014c                SPI0_DriverIRQHandler
                0x0000014c                I2C1_DriverIRQHandler
                0x0000014c                TSI0_DriverIRQHandler
                0x0000014c                RTC_Seconds_DriverIRQHandler
                0x0000014c                TPM0_DriverIRQHandler
                0x0000014c                RTC_DriverIRQHandler
                0x0000014c                LLWU_DriverIRQHandler
                0x0000014c                MCG_DriverIRQHandler
                0x0000014c                TPM1_DriverIRQHandler
                0x0000014c                PORTA_DriverIRQHandler
                0x0000014c                Reserved45_DriverIRQHandler
                0x0000014c                FTFA_DriverIRQHandler
                0x0000014c                IntDefaultHandler
                0x0000014c                USB0_DriverIRQHandler
                0x0000014c                DAC0_DriverIRQHandler
                0x0000014c                Reserved20_DriverIRQHandler
                0x0000014c                LVD_LVW_DriverIRQHandler
                0x0000014e                DMA0_IRQHandler
                0x00000156                DMA1_IRQHandler
                0x0000015e                DMA2_IRQHandler
                0x00000166                DMA3_IRQHandler
                0x0000016e                Reserved20_IRQHandler
                0x00000176                FTFA_IRQHandler
                0x0000017e                LVD_LVW_IRQHandler
                0x00000186                LLWU_IRQHandler
                0x0000018e                I2C0_IRQHandler
                0x00000196                I2C1_IRQHandler
                0x0000019e                SPI0_IRQHandler
                0x000001a6                SPI1_IRQHandler
                0x000001ae                UART0_IRQHandler
                0x000001b6                UART1_IRQHandler
                0x000001be                UART2_IRQHandler
                0x000001c6                ADC0_IRQHandler
                0x000001ce                CMP0_IRQHandler
                0x000001d6                TPM0_IRQHandler
                0x000001de                TPM1_IRQHandler
                0x000001e6                TPM2_IRQHandler
                0x000001ee                RTC_IRQHandler
                0x000001f6                RTC_Seconds_IRQHandler
                0x000001fe                PIT_IRQHandler
                0x00000206                Reserved39_IRQHandler
                0x0000020e                USB0_IRQHandler
                0x00000216                DAC0_IRQHandler
                0x0000021e                TSI0_IRQHandler
                0x00000226                MCG_IRQHandler
                0x0000022e                LPTMR0_IRQHandler
                0x00000236                Reserved45_IRQHandler
                0x0000023e                PORTA_IRQHandler
                0x00000246                PORTD_IRQHandler
                0x00000400                . = 0x400
 *fill*         0x0000024e      0x1b2 ff
                0x00000400                PROVIDE (__FLASH_CONFIG_START__ = .)
 *(SORT_BY_ALIGNMENT(.FlashConfig))
 .FlashConfig   0x00000400       0x10 ./startup/startup_mkl25z4.o
                0x00000400                Flash_Config
                0x00000410                PROVIDE (__FLASH_CONFIG_END__ = .)
                0x00000001                ASSERT (! ((__FLASH_CONFIG_START__ == __FLASH_CONFIG_END__)), Linker Flash Config Support Enabled, but no .FlashConfig section provided within application)
 *(SORT_BY_ALIGNMENT(.text*))
 .text.vPortStartFirstTask
                0x00000410       0x38 ./freertos/port.o
 *fill*         0x00000448        0x8 ff
 .text.PendSV_Handler
                0x00000450       0x48 ./freertos/port.o
                0x00000450                PendSV_Handler
 .text.DbgConsole_Init
                0x00000498       0xf0 ./utilities/fsl_debug_console.o
                0x00000498                DbgConsole_Init
 .text.ADC16_GetChannelConversionValue
                0x00000588       0x30 ./source/PES_Project_6_Program_2.o
 .text.DMA_StartTransfer
                0x000005b8       0x54 ./source/PES_Project_6_Program_2.o
 .text.DMAMUX_EnableChannel
                0x0000060c       0x40 ./source/PES_Project_6_Program_2.o
 .text.DMAMUX_SetSource
                0x0000064c       0x50 ./source/PES_Project_6_Program_2.o
 .text.DMA_Callback
                0x0000069c       0x1c ./source/PES_Project_6_Program_2.o
 .text.main     0x000006b8      0x31c ./source/PES_Project_6_Program_2.o
                0x000006b8                main
 .text.SwTimerCallback
                0x000009d4       0xd0 ./source/PES_Project_6_Program_2.o
 .text.dac_task
                0x00000aa4       0x9c ./source/PES_Project_6_Program_2.o
 .text.adc_task
                0x00000b40      0x1b4 ./source/PES_Project_6_Program_2.o
 .text.dsp_task
                0x00000cf4      0x1cc ./source/PES_Project_6_Program_2.o
 .text.Print_Timestamp
                0x00000ec0       0x54 ./source/PES_Project_6_Program_2.o
                0x00000ec0                Print_Timestamp
 .text.log_Level
                0x00000f14       0x40 ./source/logger.o
                0x00000f14                log_Level
 .text.log_Str  0x00000f54       0x90 ./source/logger.o
                0x00000f54                log_Str
 .text.log_Int  0x00000fe4       0x20 ./source/logger.o
                0x00000fe4                log_Int
 .text.log_Char
                0x00001004       0x28 ./source/logger.o
                0x00001004                log_Char
 .text.HardFault_Handler
                0x0000102c       0x30 ./source/semihost_hardfault.o
                0x0000102c                HardFault_Handler
 .text.prvSetupTimerInterrupt
                0x0000105c       0x40 ./freertos/fsl_tickless_lptmr.o
                0x0000105c                prvSetupTimerInterrupt
 .text.pvPortMalloc
                0x0000109c      0x14c ./freertos/heap_4.o
                0x0000109c                pvPortMalloc
 .text.vPortFree
                0x000011e8       0x90 ./freertos/heap_4.o
                0x000011e8                vPortFree
 .text.prvHeapInit
                0x00001278       0xc0 ./freertos/heap_4.o
 .text.prvInsertBlockIntoFreeList
                0x00001338       0xb0 ./freertos/heap_4.o
 .text.pxPortInitialiseStack
                0x000013e8       0x54 ./freertos/port.o
                0x000013e8                pxPortInitialiseStack
 .text.prvTaskExitError
                0x0000143c       0x18 ./freertos/port.o
 .text.xPortStartScheduler
                0x00001454       0x44 ./freertos/port.o
                0x00001454                xPortStartScheduler
 .text.vPortYield
                0x00001498       0x20 ./freertos/port.o
                0x00001498                vPortYield
 .text.vPortEnterCritical
                0x000014b8       0x24 ./freertos/port.o
                0x000014b8                vPortEnterCritical
 .text.vPortExitCritical
                0x000014dc       0x30 ./freertos/port.o
                0x000014dc                vPortExitCritical
 .text.SysTick_Handler
                0x0000150c       0x34 ./freertos/port.o
                0x0000150c                SysTick_Handler
 .text.vQueueAddToRegistry
                0x00001540       0x50 ./freertos/queue.o
                0x00001540                vQueueAddToRegistry
 .text.prvInitialiseNewTask
                0x00001590      0x12c ./freertos/tasks.o
 .text.prvAddNewTaskToReadyList
                0x000016bc       0xd0 ./freertos/tasks.o
 .text.vTaskDelay
                0x0000178c       0x4c ./freertos/tasks.o
                0x0000178c                vTaskDelay
 .text.vTaskStartScheduler
                0x000017d8       0x78 ./freertos/tasks.o
                0x000017d8                vTaskStartScheduler
 .text.vTaskSuspendAll
                0x00001850       0x18 ./freertos/tasks.o
                0x00001850                vTaskSuspendAll
 .text.xTaskResumeAll
                0x00001868      0x118 ./freertos/tasks.o
                0x00001868                xTaskResumeAll
 .text.xTaskGetTickCount
                0x00001980       0x1c ./freertos/tasks.o
                0x00001980                xTaskGetTickCount
 .text.xTaskIncrementTick
                0x0000199c      0x14c ./freertos/tasks.o
                0x0000199c                xTaskIncrementTick
 .text.vTaskSwitchContext
                0x00001ae8       0xa4 ./freertos/tasks.o
                0x00001ae8                vTaskSwitchContext
 .text.vTaskPlaceOnEventList
                0x00001b8c       0x3c ./freertos/tasks.o
                0x00001b8c                vTaskPlaceOnEventList
 .text.vTaskPlaceOnEventListRestricted
                0x00001bc8       0x4c ./freertos/tasks.o
                0x00001bc8                vTaskPlaceOnEventListRestricted
 .text.xTaskRemoveFromEventList
                0x00001c14       0xb8 ./freertos/tasks.o
                0x00001c14                xTaskRemoveFromEventList
 .text.vTaskSetTimeOutState
                0x00001ccc       0x34 ./freertos/tasks.o
                0x00001ccc                vTaskSetTimeOutState
 .text.xTaskCheckForTimeOut
                0x00001d00       0x9c ./freertos/tasks.o
                0x00001d00                xTaskCheckForTimeOut
 .text.vTaskMissedYield
                0x00001d9c       0x14 ./freertos/tasks.o
                0x00001d9c                vTaskMissedYield
 .text.prvIdleTask
                0x00001db0       0x20 ./freertos/tasks.o
 .text.prvInitialiseTaskLists
                0x00001dd0       0x88 ./freertos/tasks.o
 .text.prvCheckTasksWaitingTermination
                0x00001e58       0x74 ./freertos/tasks.o
 .text.prvResetNextTaskUnblockTime
                0x00001ecc       0x48 ./freertos/tasks.o
 .text.xTaskGetSchedulerState
                0x00001f14       0x38 ./freertos/tasks.o
                0x00001f14                xTaskGetSchedulerState
 .text.vTaskPriorityInherit
                0x00001f4c       0xbc ./freertos/tasks.o
                0x00001f4c                vTaskPriorityInherit
 .text.xTaskPriorityDisinherit
                0x00002008       0xb8 ./freertos/tasks.o
                0x00002008                xTaskPriorityDisinherit
 .text.pvTaskIncrementMutexHeldCount
                0x000020c0       0x24 ./freertos/tasks.o
                0x000020c0                pvTaskIncrementMutexHeldCount
 .text.prvAddCurrentTaskToDelayedList
                0x000020e4       0xa8 ./freertos/tasks.o
 .text.xTimerCreateTimerTask
                0x0000218c       0x54 ./freertos/timers.o
                0x0000218c                xTimerCreateTimerTask
 .text.xTimerGenericCommand
                0x000021e0       0x94 ./freertos/timers.o
                0x000021e0                xTimerGenericCommand
 .text.prvProcessExpiredTimer
                0x00002274       0x70 ./freertos/timers.o
 .text.prvProcessTimerOrBlockTask
                0x000022e4       0x8c ./freertos/timers.o
 .text.prvGetNextExpireTime
                0x00002370       0x40 ./freertos/timers.o
 .text.prvSampleTimeNow
                0x000023b0       0x40 ./freertos/timers.o
 .text.prvInsertTimerInActiveList
                0x000023f0       0x84 ./freertos/timers.o
 .text.prvProcessReceivedCommands
                0x00002474      0x124 ./freertos/timers.o
 .text.prvSwitchTimerLists
                0x00002598       0xb4 ./freertos/timers.o
 .text.prvCheckForValidListAndQueue
                0x0000264c       0x74 ./freertos/timers.o
 .text.CLOCK_EnableClock
                0x000026c0       0x34 ./drivers/fsl_adc16.o
 .text.ADC16_GetInstance
                0x000026f4       0x48 ./drivers/fsl_adc16.o
 .text.ADC16_Init
                0x0000273c      0x114 ./drivers/fsl_adc16.o
                0x0000273c                ADC16_Init
 .text.ADC16_GetDefaultConfig
                0x00002850       0x58 ./drivers/fsl_adc16.o
                0x00002850                ADC16_GetDefaultConfig
 .text.ADC16_SetChannelConfig
                0x000028a8       0x6c ./drivers/fsl_adc16.o
                0x000028a8                ADC16_SetChannelConfig
 .text.ADC16_GetChannelStatusFlags
                0x00002914       0x40 ./drivers/fsl_adc16.o
                0x00002914                ADC16_GetChannelStatusFlags
 .text.CLOCK_SetEr32kClock
                0x00002954       0x34 ./drivers/fsl_clock.o
 .text.CLOCK_SetPllFllSelClock
                0x00002988       0x38 ./drivers/fsl_clock.o
 .text.CLOCK_GetMcgExtClkFreq
                0x000029c0       0x28 ./drivers/fsl_clock.o
 .text.CLOCK_GetFllExtRefClkFreq
                0x000029e8       0xa4 ./drivers/fsl_clock.o
 .text.CLOCK_GetFllRefClkFreq
                0x00002a8c       0x2c ./drivers/fsl_clock.o
 .text.CLOCK_GetOscRangeFromFreq
                0x00002ab8       0x4c ./drivers/fsl_clock.o
 .text.CLOCK_GetPllFllSelClkFreq
                0x00002b04       0x4c ./drivers/fsl_clock.o
                0x00002b04                CLOCK_GetPllFllSelClkFreq
 .text.CLOCK_SetSimConfig
                0x00002b50       0x38 ./drivers/fsl_clock.o
                0x00002b50                CLOCK_SetSimConfig
 .text.CLOCK_GetFllFreq
                0x00002b88       0x84 ./drivers/fsl_clock.o
                0x00002b88                CLOCK_GetFllFreq
 .text.CLOCK_GetPll0Freq
                0x00002c0c       0x70 ./drivers/fsl_clock.o
                0x00002c0c                CLOCK_GetPll0Freq
 .text.CLOCK_SetInternalRefClkConfig
                0x00002c7c      0x124 ./drivers/fsl_clock.o
                0x00002c7c                CLOCK_SetInternalRefClkConfig
 .text.CLOCK_EnablePll0
                0x00002da0       0x90 ./drivers/fsl_clock.o
                0x00002da0                CLOCK_EnablePll0
 .text.CLOCK_InitOsc0
                0x00002e30       0x94 ./drivers/fsl_clock.o
                0x00002e30                CLOCK_InitOsc0
 .text.CLOCK_SetPbeMode
                0x00002ec4       0xb0 ./drivers/fsl_clock.o
                0x00002ec4                CLOCK_SetPbeMode
 .text.CLOCK_BootToPeeMode
                0x00002f74       0x70 ./drivers/fsl_clock.o
                0x00002f74                CLOCK_BootToPeeMode
 .text.CLOCK_EnableClock
                0x00002fe4       0x34 ./drivers/fsl_dac.o
 .text.DAC_GetInstance
                0x00003018       0x48 ./drivers/fsl_dac.o
 .text.DAC_Init
                0x00003060       0x80 ./drivers/fsl_dac.o
                0x00003060                DAC_Init
 .text.DAC_GetDefaultConfig
                0x000030e0       0x30 ./drivers/fsl_dac.o
                0x000030e0                DAC_GetDefaultConfig
 .text.DAC_SetBufferValue
                0x00003110       0x64 ./drivers/fsl_dac.o
                0x00003110                DAC_SetBufferValue
 .text.DAC_SetBufferReadPointer
                0x00003174       0x60 ./drivers/fsl_dac.o
                0x00003174                DAC_SetBufferReadPointer
 .text.NVIC_EnableIRQ
                0x000031d4       0x2c ./drivers/fsl_dma.o
 .text.CLOCK_EnableClock
                0x00003200       0x34 ./drivers/fsl_dma.o
 .text.DMA_EnableInterrupts
                0x00003234       0x4c ./drivers/fsl_dma.o
 .text.DMA_ClearChannelStatusFlags
                0x00003280       0x54 ./drivers/fsl_dma.o
 .text.DMA_GetInstance
                0x000032d4       0x48 ./drivers/fsl_dma.o
 .text.DMA_Init
                0x0000331c       0x24 ./drivers/fsl_dma.o
                0x0000331c                DMA_Init
 .text.DMA_ResetChannel
                0x00003340       0x90 ./drivers/fsl_dma.o
                0x00003340                DMA_ResetChannel
 .text.DMA_SetTransferConfig
                0x000033d0       0xdc ./drivers/fsl_dma.o
                0x000033d0                DMA_SetTransferConfig
 .text.DMA_CreateHandle
                0x000034ac       0x90 ./drivers/fsl_dma.o
                0x000034ac                DMA_CreateHandle
 .text.DMA_PrepareTransfer
                0x0000353c      0x130 ./drivers/fsl_dma.o
                0x0000353c                DMA_PrepareTransfer
 .text.DMA_SetCallback
                0x0000366c       0x34 ./drivers/fsl_dma.o
                0x0000366c                DMA_SetCallback
 .text.DMA_SubmitTransfer
                0x000036a0       0x9c ./drivers/fsl_dma.o
                0x000036a0                DMA_SubmitTransfer
 .text.DMA_HandleIRQ
                0x0000373c       0x4c ./drivers/fsl_dma.o
                0x0000373c                DMA_HandleIRQ
 .text.DMA0_DriverIRQHandler
                0x00003788       0x18 ./drivers/fsl_dma.o
                0x00003788                DMA0_DriverIRQHandler
 .text.DMA1_DriverIRQHandler
                0x000037a0       0x18 ./drivers/fsl_dma.o
                0x000037a0                DMA1_DriverIRQHandler
 .text.DMA2_DriverIRQHandler
                0x000037b8       0x18 ./drivers/fsl_dma.o
                0x000037b8                DMA2_DriverIRQHandler
 .text.DMA3_DriverIRQHandler
                0x000037d0       0x18 ./drivers/fsl_dma.o
                0x000037d0                DMA3_DriverIRQHandler
 .text.CLOCK_EnableClock
                0x000037e8       0x34 ./drivers/fsl_dmamux.o
 .text.DMAMUX_GetInstance
                0x0000381c       0x48 ./drivers/fsl_dmamux.o
 .text.DMAMUX_Init
                0x00003864       0x24 ./drivers/fsl_dmamux.o
                0x00003864                DMAMUX_Init
 .text.CLOCK_EnableClock
                0x00003888       0x34 ./drivers/fsl_lpsci.o
 .text.LPSCI_GetInstance
                0x000038bc       0x48 ./drivers/fsl_lpsci.o
                0x000038bc                LPSCI_GetInstance
 .text.LPSCI_Init
                0x00003904      0x258 ./drivers/fsl_lpsci.o
                0x00003904                LPSCI_Init
 .text.LPSCI_GetDefaultConfig
                0x00003b5c       0x44 ./drivers/fsl_lpsci.o
                0x00003b5c                LPSCI_GetDefaultConfig
 .text.LPSCI_ClearStatusFlags
                0x00003ba0       0x94 ./drivers/fsl_lpsci.o
                0x00003ba0                LPSCI_ClearStatusFlags
 .text.LPSCI_WriteBlocking
                0x00003c34       0x4c ./drivers/fsl_lpsci.o
                0x00003c34                LPSCI_WriteBlocking
 .text.LPSCI_ReadBlocking
                0x00003c80       0xc0 ./drivers/fsl_lpsci.o
                0x00003c80                LPSCI_ReadBlocking
 .text.UART0_DriverIRQHandler
                0x00003d40       0x24 ./drivers/fsl_lpsci.o
                0x00003d40                UART0_DriverIRQHandler
 .text.CLOCK_EnableClock
                0x00003d64       0x34 ./drivers/fsl_uart.o
 .text.UART_GetInstance
                0x00003d98       0x54 ./drivers/fsl_uart.o
                0x00003d98                UART_GetInstance
 .text.UART_Init
                0x00003dec      0x1e0 ./drivers/fsl_uart.o
                0x00003dec                UART_Init
 .text.UART_GetDefaultConfig
                0x00003fcc       0x44 ./drivers/fsl_uart.o
                0x00003fcc                UART_GetDefaultConfig
 .text.UART_ReadBlocking
                0x00004010       0x98 ./drivers/fsl_uart.o
                0x00004010                UART_ReadBlocking
 .text.UART1_DriverIRQHandler
                0x000040a8       0x24 ./drivers/fsl_uart.o
                0x000040a8                UART1_DriverIRQHandler
 .text.UART2_DriverIRQHandler
                0x000040cc       0x24 ./drivers/fsl_uart.o
                0x000040cc                UART2_DriverIRQHandler
 .text.CLOCK_SetLpsci0Clock
                0x000040f0       0x38 ./board/board.o
 .text.BOARD_InitDebugConsole
                0x00004128       0x30 ./board/board.o
                0x00004128                BOARD_InitDebugConsole
 .text.CLOCK_SetSimSafeDivs
                0x00004158       0x20 ./board/clock_config.o
 .text.CLOCK_SetXtal0Freq
                0x00004178       0x1c ./board/clock_config.o
 .text.CLOCK_CONFIG_SetFllExtRefDiv
                0x00004194       0x3c ./board/clock_config.o
 .text.BOARD_BootClockRUN
                0x000041d0       0x64 ./board/clock_config.o
                0x000041d0                BOARD_BootClockRUN
 .text.CLOCK_EnableClock
                0x00004234       0x34 ./board/pin_mux.o
 .text.PORT_SetPinMux
                0x00004268       0x40 ./board/pin_mux.o
 .text.BOARD_InitPins
                0x000042a8       0x90 ./board/pin_mux.o
                0x000042a8                BOARD_InitPins
 .text.SystemInit
                0x00004338       0x18 ./CMSIS/system_MKL25Z4.o
                0x00004338                SystemInit
 .text.SystemCoreClockUpdate
                0x00004350      0x238 ./CMSIS/system_MKL25Z4.o
                0x00004350                SystemCoreClockUpdate
 .text.__assertion_failed
                0x00004588       0x4c c:/nxp/mcuxpressoide_11.0.0_2516/ide/plugins/com.nxp.mcuxpresso.tools.win32_11.0.0.201905131304/tools/bin/../lib/gcc/arm-none-eabi/8.2.1/../../../../arm-none-eabi/lib/thumb/v6-m/nofp\libcr_semihost_nf.a(_cr_assert.o)
                0x00004588                __assertion_failed
 .text.__sys_appexit
                0x000045d4        0xc c:/nxp/mcuxpressoide_11.0.0_2516/ide/plugins/com.nxp.mcuxpresso.tools.win32_11.0.0.201905131304/tools/bin/../lib/gcc/arm-none-eabi/8.2.1/../../../../arm-none-eabi/lib/thumb/v6-m/nofp\libcr_semihost_nf.a(__sys_appexit.o)
                0x000045d4                __sys_appexit
                0x000045d4                __exit
 .text._deferredlazyseek
                0x000045e0       0x40 c:/nxp/mcuxpressoide_11.0.0_2516/ide/plugins/com.nxp.mcuxpresso.tools.win32_11.0.0.201905131304/tools/bin/../lib/gcc/arm-none-eabi/8.2.1/../../../../arm-none-eabi/lib/thumb/v6-m/nofp\libcr_c.a(_deferredlazyseek.o)
                0x000045e0                _deferredlazyseek
 .text.__flsbuf
                0x00004620      0x14c c:/nxp/mcuxpressoide_11.0.0_2516/ide/plugins/com.nxp.mcuxpresso.tools.win32_11.0.0.201905131304/tools/bin/../lib/gcc/arm-none-eabi/8.2.1/../../../../arm-none-eabi/lib/thumb/v6-m/nofp\libcr_c.a(_deferredlazyseek.o)
                0x00004620                __flsbuf
 .text._fflush  0x0000476c       0x5c c:/nxp/mcuxpressoide_11.0.0_2516/ide/plugins/com.nxp.mcuxpresso.tools.win32_11.0.0.201905131304/tools/bin/../lib/gcc/arm-none-eabi/8.2.1/../../../../arm-none-eabi/lib/thumb/v6-m/nofp\libcr_c.a(_fflush.o)
                0x0000476c                _fflush
 .text._Cwritebuf
                0x000047c8       0x68 c:/nxp/mcuxpressoide_11.0.0_2516/ide/plugins/com.nxp.mcuxpresso.tools.win32_11.0.0.201905131304/tools/bin/../lib/gcc/arm-none-eabi/8.2.1/../../../../arm-none-eabi/lib/thumb/v6-m/nofp\libcr_c.a(_writebuf.o)
                0x000047c8                _Cwritebuf
 .text.malloc   0x00004830       0xcc c:/nxp/mcuxpressoide_11.0.0_2516/ide/plugins/com.nxp.mcuxpresso.tools.win32_11.0.0.201905131304/tools/bin/../lib/gcc/arm-none-eabi/8.2.1/../../../../arm-none-eabi/lib/thumb/v6-m/nofp\libcr_c.a(alloc.o)
                0x00004830                malloc
 .text._Csys_alloc
                0x000048fc       0x20 c:/nxp/mcuxpressoide_11.0.0_2516/ide/plugins/com.nxp.mcuxpresso.tools.win32_11.0.0.201905131304/tools/bin/../lib/gcc/arm-none-eabi/8.2.1/../../../../arm-none-eabi/lib/thumb/v6-m/nofp\libcr_c.a(alloc.o)
                0x000048fc                _Csys_alloc
 .text.fseek    0x0000491c       0xf0 c:/nxp/mcuxpressoide_11.0.0_2516/ide/plugins/com.nxp.mcuxpresso.tools.win32_11.0.0.201905131304/tools/bin/../lib/gcc/arm-none-eabi/8.2.1/../../../../arm-none-eabi/lib/thumb/v6-m/nofp\libcr_c.a(fseek.o)
                0x0000491c                fseek
 .text.ftell    0x00004a0c       0x48 c:/nxp/mcuxpressoide_11.0.0_2516/ide/plugins/com.nxp.mcuxpresso.tools.win32_11.0.0.201905131304/tools/bin/../lib/gcc/arm-none-eabi/8.2.1/../../../../arm-none-eabi/lib/thumb/v6-m/nofp\libcr_c.a(ftell.o)
                0x00004a0c                ftell
 .text._initio  0x00004a54       0x7c c:/nxp/mcuxpressoide_11.0.0_2516/ide/plugins/com.nxp.mcuxpresso.tools.win32_11.0.0.201905131304/tools/bin/../lib/gcc/arm-none-eabi/8.2.1/../../../../arm-none-eabi/lib/thumb/v6-m/nofp\libcr_c.a(initio.o)
                0x00004a54                _initio
 .text.__vfprintf
                0x00004ad0      0xcd8 c:/nxp/mcuxpressoide_11.0.0_2516/ide/plugins/com.nxp.mcuxpresso.tools.win32_11.0.0.201905131304/tools/bin/../lib/gcc/arm-none-eabi/8.2.1/../../../../arm-none-eabi/lib/thumb/v6-m/nofp\libcr_c.a(printf.o)
                0x00004ad0                __vfprintf
 .text._vsnprintf
                0x000057a8       0x70 c:/nxp/mcuxpressoide_11.0.0_2516/ide/plugins/com.nxp.mcuxpresso.tools.win32_11.0.0.201905131304/tools/bin/../lib/gcc/arm-none-eabi/8.2.1/../../../../arm-none-eabi/lib/thumb/v6-m/nofp\libcr_c.a(printf.o)
                0x000057a8                _vsnprintf
 .text._printf  0x00005818       0x50 c:/nxp/mcuxpressoide_11.0.0_2516/ide/plugins/com.nxp.mcuxpresso.tools.win32_11.0.0.201905131304/tools/bin/../lib/gcc/arm-none-eabi/8.2.1/../../../../arm-none-eabi/lib/thumb/v6-m/nofp\libcr_c.a(printf.o)
                0x00005818                _printf
 .text.setvbuf  0x00005868       0x4c c:/nxp/mcuxpressoide_11.0.0_2516/ide/plugins/com.nxp.mcuxpresso.tools.win32_11.0.0.201905131304/tools/bin/../lib/gcc/arm-none-eabi/8.2.1/../../../../arm-none-eabi/lib/thumb/v6-m/nofp\libcr_c.a(setvbuf.o)
                0x00005868                setvbuf
 .text.sqrt     0x000058b4      0x13c c:/nxp/mcuxpressoide_11.0.0_2516/ide/plugins/com.nxp.mcuxpresso.tools.win32_11.0.0.201905131304/tools/bin/../lib/gcc/arm-none-eabi/8.2.1/../../../../arm-none-eabi/lib/thumb/v6-m/nofp\libcr_c.a(sqrt.o)
                0x000058b4                sqrt
 .text.strlen   0x000059f0       0x58 c:/nxp/mcuxpressoide_11.0.0_2516/ide/plugins/com.nxp.mcuxpresso.tools.win32_11.0.0.201905131304/tools/bin/../lib/gcc/arm-none-eabi/8.2.1/../../../../arm-none-eabi/lib/thumb/v6-m/nofp\libcr_c.a(strlen.o)
                0x000059f0                strlen
 .text._sbrk    0x00005a48       0x40 c:/nxp/mcuxpressoide_11.0.0_2516/ide/plugins/com.nxp.mcuxpresso.tools.win32_11.0.0.201905131304/tools/bin/../lib/gcc/arm-none-eabi/8.2.1/../../../../arm-none-eabi/lib/thumb/v6-m/nofp\libcr_c.a(_cr_sbrk.o)
                0x00005a48                _sbrk
 .text._fdopen  0x00005a88       0x74 c:/nxp/mcuxpressoide_11.0.0_2516/ide/plugins/com.nxp.mcuxpresso.tools.win32_11.0.0.201905131304/tools/bin/../lib/gcc/arm-none-eabi/8.2.1/../../../../arm-none-eabi/lib/thumb/v6-m/nofp\libcr_c.a(_fdopen.o)
                0x00005a88                _fdopen
 .text.fclose   0x00005afc       0x5c c:/nxp/mcuxpressoide_11.0.0_2516/ide/plugins/com.nxp.mcuxpresso.tools.win32_11.0.0.201905131304/tools/bin/../lib/gcc/arm-none-eabi/8.2.1/../../../../arm-none-eabi/lib/thumb/v6-m/nofp\libcr_c.a(fclose.o)
                0x00005afc                fclose
 .text.fflush   0x00005b58       0x44 c:/nxp/mcuxpressoide_11.0.0_2516/ide/plugins/com.nxp.mcuxpresso.tools.win32_11.0.0.201905131304/tools/bin/../lib/gcc/arm-none-eabi/8.2.1/../../../../arm-none-eabi/lib/thumb/v6-m/nofp\libcr_c.a(fflush.o)
                0x00005b58                fflush
 .text.__check_heap_overflow
                0x00005b9c       0x14 c:/nxp/mcuxpressoide_11.0.0_2516/ide/plugins/com.nxp.mcuxpresso.tools.win32_11.0.0.201905131304/tools/bin/../lib/gcc/arm-none-eabi/8.2.1/../../../../arm-none-eabi/lib/thumb/v6-m/nofp\libcr_c.a(_cr_check_heap.o)
                0x00005b9c                __check_heap_overflow
 .text._do_fflush
                0x00005bb0       0x44 c:/nxp/mcuxpressoide_11.0.0_2516/ide/plugins/com.nxp.mcuxpresso.tools.win32_11.0.0.201905131304/tools/bin/../lib/gcc/arm-none-eabi/8.2.1/../../../../arm-none-eabi/lib/thumb/v6-m/nofp\libcr_c.a(_do_fflush.o)
                0x00005bb0                _do_fflush
 .text.__aeabi_dmul
                0x00005bf4      0x188 c:/nxp/mcuxpressoide_11.0.0_2516/ide/plugins/com.nxp.mcuxpresso.tools.win32_11.0.0.201905131304/tools/bin/../lib/gcc/arm-none-eabi/8.2.1/thumb/v6-m/nofp\libcr_eabihelpers.a(double.o)
                0x00005bf4                __aeabi_dmul
 .text.__aeabi_ddiv
                0x00005d7c      0x148 c:/nxp/mcuxpressoide_11.0.0_2516/ide/plugins/com.nxp.mcuxpresso.tools.win32_11.0.0.201905131304/tools/bin/../lib/gcc/arm-none-eabi/8.2.1/thumb/v6-m/nofp\libcr_eabihelpers.a(double.o)
                0x00005d7c                __aeabi_ddiv
 .text.__aeabi_dsub
                0x00005ec4      0x1c4 c:/nxp/mcuxpressoide_11.0.0_2516/ide/plugins/com.nxp.mcuxpresso.tools.win32_11.0.0.201905131304/tools/bin/../lib/gcc/arm-none-eabi/8.2.1/thumb/v6-m/nofp\libcr_eabihelpers.a(double.o)
                0x00005ec4                __aeabi_dsub
 .text.__aeabi_dadd
                0x00006088      0x12c c:/nxp/mcuxpressoide_11.0.0_2516/ide/plugins/com.nxp.mcuxpresso.tools.win32_11.0.0.201905131304/tools/bin/../lib/gcc/arm-none-eabi/8.2.1/thumb/v6-m/nofp\libcr_eabihelpers.a(double.o)
                0x00006088                __aeabi_dadd
 .text.__aeabi_d2uiz
                0x000061b4       0x34 c:/nxp/mcuxpressoide_11.0.0_2516/ide/plugins/com.nxp.mcuxpresso.tools.win32_11.0.0.201905131304/tools/bin/../lib/gcc/arm-none-eabi/8.2.1/thumb/v6-m/nofp\libcr_eabihelpers.a(double.o)
                0x000061b4                __aeabi_d2uiz
 .text.__aeabi_dcmplt
                0x000061e8       0x60 c:/nxp/mcuxpressoide_11.0.0_2516/ide/plugins/com.nxp.mcuxpresso.tools.win32_11.0.0.201905131304/tools/bin/../lib/gcc/arm-none-eabi/8.2.1/thumb/v6-m/nofp\libcr_eabihelpers.a(double.o)
                0x000061e8                __aeabi_dcmplt
 .text.__aeabi_dcmple
                0x00006248       0x58 c:/nxp/mcuxpressoide_11.0.0_2516/ide/plugins/com.nxp.mcuxpresso.tools.win32_11.0.0.201905131304/tools/bin/../lib/gcc/arm-none-eabi/8.2.1/thumb/v6-m/nofp\libcr_eabihelpers.a(double.o)
                0x00006248                __aeabi_dcmple
 .text.UART_EnableTx
                0x000062a0       0x40 ./utilities/fsl_debug_console.o
 .text.UART_EnableRx
                0x000062e0       0x40 ./utilities/fsl_debug_console.o
 .text.LPSCI_EnableTx
                0x00006320       0x40 ./utilities/fsl_debug_console.o
 .text.LPSCI_EnableRx
                0x00006360       0x40 ./utilities/fsl_debug_console.o
 .text.GPIO_WritePinOutput
                0x000063a0       0x34 ./source/PES_Project_6_Program_2.o
 .text.GPIO_SetPinsOutput
                0x000063d4       0x18 ./source/PES_Project_6_Program_2.o
 .text.GPIO_ClearPinsOutput
                0x000063ec       0x18 ./source/PES_Project_6_Program_2.o
 .text.GPIO_TogglePinsOutput
                0x00006404       0x18 ./source/PES_Project_6_Program_2.o
 .text.DAC_Enable
                0x0000641c       0x4a ./source/PES_Project_6_Program_2.o
 .text.ADC16_EnableHardwareTrigger
                0x00006466       0x3a ./source/PES_Project_6_Program_2.o
 .text.buf_reset
                0x000064a0       0x22 ./source/circular_buffer.o
                0x000064a0                buf_reset
 .text.buf_init
                0x000064c2       0x38 ./source/circular_buffer.o
                0x000064c2                buf_init
 .text.buf_verify
                0x000064fa       0x1c ./source/circular_buffer.o
                0x000064fa                buf_verify
 .text.ptr_validity
                0x00006516       0x1c ./source/circular_buffer.o
                0x00006516                ptr_validity
 .text.buf_full
                0x00006532       0x14 ./source/circular_buffer.o
                0x00006532                buf_full
 .text.buf_empty
                0x00006546       0x38 ./source/circular_buffer.o
                0x00006546                buf_empty
 .text.inc_ptr  0x0000657e       0x60 ./source/circular_buffer.o
                0x0000657e                inc_ptr
 .text.dec_ptr  0x000065de       0x30 ./source/circular_buffer.o
                0x000065de                dec_ptr
 .text.buf_write
                0x0000660e       0x46 ./source/circular_buffer.o
                0x0000660e                buf_write
 .text.buf_read
                0x00006654       0x48 ./source/circular_buffer.o
                0x00006654                buf_read
 .text.vListInitialise
                0x0000669c       0x3c ./freertos/list.o
                0x0000669c                vListInitialise
 .text.vListInitialiseItem
                0x000066d8       0x16 ./freertos/list.o
                0x000066d8                vListInitialiseItem
 .text.vListInsertEnd
                0x000066ee       0x44 ./freertos/list.o
                0x000066ee                vListInsertEnd
 .text.vListInsert
                0x00006732       0x6c ./freertos/list.o
                0x00006732                vListInsert
 .text.uxListRemove
                0x0000679e       0x50 ./freertos/list.o
                0x0000679e                uxListRemove
 .text.SVC_Handler
                0x000067ee        0xa ./freertos/port.o
                0x000067ee                SVC_Handler
 .text.ulSetInterruptMaskFromISR
                0x000067f8        0xc ./freertos/port.o
                0x000067f8                ulSetInterruptMaskFromISR
 .text.vClearInterruptMaskFromISR
                0x00006804        0x8 ./freertos/port.o
                0x00006804                vClearInterruptMaskFromISR
 .text.xQueueGenericReset
                0x0000680c       0xa8 ./freertos/queue.o
                0x0000680c                xQueueGenericReset
 .text.xQueueGenericCreate
                0x000068b4       0x64 ./freertos/queue.o
                0x000068b4                xQueueGenericCreate
 .text.prvInitialiseNewQueue
                0x00006918       0x4e ./freertos/queue.o
 .text.prvInitialiseMutex
                0x00006966       0x34 ./freertos/queue.o
 .text.xQueueCreateMutex
                0x0000699a       0x38 ./freertos/queue.o
                0x0000699a                xQueueCreateMutex
 .text.xQueueGenericSend
                0x000069d2      0x188 ./freertos/queue.o
                0x000069d2                xQueueGenericSend
 .text.xQueueGenericSendFromISR
                0x00006b5a       0xe2 ./freertos/queue.o
                0x00006b5a                xQueueGenericSendFromISR
 .text.xQueueGenericReceive
                0x00006c3c      0x1c8 ./freertos/queue.o
                0x00006c3c                xQueueGenericReceive
 .text.prvCopyDataToQueue
                0x00006e04       0xd6 ./freertos/queue.o
 .text.prvCopyDataFromQueue
                0x00006eda       0x4c ./freertos/queue.o
 .text.prvUnlockQueue
                0x00006f26       0xbc ./freertos/queue.o
 .text.prvIsQueueEmpty
                0x00006fe2       0x2c ./freertos/queue.o
 .text.prvIsQueueFull
                0x0000700e       0x30 ./freertos/queue.o
 .text.vQueueWaitForMessageRestricted
                0x0000703e       0x66 ./freertos/queue.o
                0x0000703e                vQueueWaitForMessageRestricted
 .text.xTaskCreate
                0x000070a4       0x90 ./freertos/tasks.o
                0x000070a4                xTaskCreate
 .text.prvDeleteTCB
                0x00007134       0x22 ./freertos/tasks.o
 .text.xTimerCreate
                0x00007156       0x3e ./freertos/timers.o
                0x00007156                xTimerCreate
 .text.prvInitialiseNewTimer
                0x00007194       0x52 ./freertos/timers.o
 .text.prvTimerTask
                0x000071e6       0x28 ./freertos/timers.o
 .text.ADC16_DoAutoCalibration
                0x0000720e      0x118 ./drivers/fsl_adc16.o
                0x0000720e                ADC16_DoAutoCalibration
 .text.ADC16_GetStatusFlags
                0x00007326       0x3a ./drivers/fsl_adc16.o
                0x00007326                ADC16_GetStatusFlags
 .text.OSC_SetExtRefClkConfig
                0x00007360       0x3e ./drivers/fsl_clock.o
 .text.OSC_SetCapLoad
                0x0000739e       0x42 ./drivers/fsl_clock.o
 .text.CLOCK_GetPll0RefFreq
                0x000073e0       0x10 ./drivers/fsl_clock.o
 .text.CLOCK_SetExternalRefClkConfig
                0x000073f0       0x16 ./drivers/fsl_clock.o
                0x000073f0                CLOCK_SetExternalRefClkConfig
 .text.EnableIRQ
                0x00007406       0x2c ./drivers/fsl_dma.o
 .text.LPSCI_GetStatusFlags
                0x00007432       0x26 ./drivers/fsl_lpsci.o
                0x00007432                LPSCI_GetStatusFlags
 .text.UART_GetStatusFlags
                0x00007458       0x26 ./drivers/fsl_uart.o
                0x00007458                UART_GetStatusFlags
 .text.UART_WriteBlocking
                0x0000747e       0x3a ./drivers/fsl_uart.o
                0x0000747e                UART_WriteBlocking
 .text.__main   0x000074b8        0xc c:/nxp/mcuxpressoide_11.0.0_2516/ide/plugins/com.nxp.mcuxpresso.tools.win32_11.0.0.201905131304/tools/bin/../lib/gcc/arm-none-eabi/8.2.1/../../../../arm-none-eabi/lib/thumb/v6-m/nofp\libcr_semihost_nf.a(_cr__main.o)
                0x000074b8                __CR_SEMIHOST
                0x000074b8                __main
 .text.memcpy   0x000074c4        0x8 c:/nxp/mcuxpressoide_11.0.0_2516/ide/plugins/com.nxp.mcuxpresso.tools.win32_11.0.0.201905131304/tools/bin/../lib/gcc/arm-none-eabi/8.2.1/../../../../arm-none-eabi/lib/thumb/v6-m/nofp\libcr_c.a(memcpy.o)
                0x000074c4                memcpy
 .text.memset   0x000074cc        0x8 c:/nxp/mcuxpressoide_11.0.0_2516/ide/plugins/com.nxp.mcuxpresso.tools.win32_11.0.0.201905131304/tools/bin/../lib/gcc/arm-none-eabi/8.2.1/../../../../arm-none-eabi/lib/thumb/v6-m/nofp\libcr_c.a(memset.o)
                0x000074cc                memset
 .text.free     0x000074d4       0x2c c:/nxp/mcuxpressoide_11.0.0_2516/ide/plugins/com.nxp.mcuxpresso.tools.win32_11.0.0.201905131304/tools/bin/../lib/gcc/arm-none-eabi/8.2.1/../../../../arm-none-eabi/lib/thumb/v6-m/nofp\libcr_c.a(alloc.o)
                0x000074d4                free
 .text.fputs    0x00007500       0x2e c:/nxp/mcuxpressoide_11.0.0_2516/ide/plugins/com.nxp.mcuxpresso.tools.win32_11.0.0.201905131304/tools/bin/../lib/gcc/arm-none-eabi/8.2.1/../../../../arm-none-eabi/lib/thumb/v6-m/nofp\libcr_c.a(fputs.o)
                0x00007500                fputs
 .text.no_fp_display
                0x0000752e        0x4 c:/nxp/mcuxpressoide_11.0.0_2516/ide/plugins/com.nxp.mcuxpresso.tools.win32_11.0.0.201905131304/tools/bin/../lib/gcc/arm-none-eabi/8.2.1/../../../../arm-none-eabi/lib/thumb/v6-m/nofp\libcr_c.a(printf.o)
 .text.remove   0x00007532       0x12 c:/nxp/mcuxpressoide_11.0.0_2516/ide/plugins/com.nxp.mcuxpresso.tools.win32_11.0.0.201905131304/tools/bin/../lib/gcc/arm-none-eabi/8.2.1/../../../../arm-none-eabi/lib/thumb/v6-m/nofp\libcr_c.a(remove.o)
                0x00007532                remove
 .text.__aeabi_division_idivmod
                0x00007544       0x78 c:/nxp/mcuxpressoide_11.0.0_2516/ide/plugins/com.nxp.mcuxpresso.tools.win32_11.0.0.201905131304/tools/bin/../lib/gcc/arm-none-eabi/8.2.1/thumb/v6-m/nofp\libcr_eabihelpers.a(division_32.o)
                0x00007544                __aeabi_idivmod
                0x00007544                __aeabi_idiv
                0x0000754a                __aeabi_uidivmod
                0x0000754a                __aeabi_uidiv
 .text.__aeabi_division_idiv0
                0x000075bc        0x2 c:/nxp/mcuxpressoide_11.0.0_2516/ide/plugins/com.nxp.mcuxpresso.tools.win32_11.0.0.201905131304/tools/bin/../lib/gcc/arm-none-eabi/8.2.1/thumb/v6-m/nofp\libcr_eabihelpers.a(division_idiv0.o)
                0x000075bc                __aeabi_idiv0
 .text.__bhs_ui2d
                0x000075be       0x5e c:/nxp/mcuxpressoide_11.0.0_2516/ide/plugins/com.nxp.mcuxpresso.tools.win32_11.0.0.201905131304/tools/bin/../lib/gcc/arm-none-eabi/8.2.1/thumb/v6-m/nofp\libcr_eabihelpers.a(double.o)
                0x000075be                __bhs_ui2d
 .text.__aeabi_ui2d
                0x0000761c        0xc c:/nxp/mcuxpressoide_11.0.0_2516/ide/plugins/com.nxp.mcuxpresso.tools.win32_11.0.0.201905131304/tools/bin/../lib/gcc/arm-none-eabi/8.2.1/thumb/v6-m/nofp\libcr_eabihelpers.a(double.o)
                0x0000761c                __aeabi_ui2d
 .text.__aeabi_llong_lmul
                0x00007628       0x2e c:/nxp/mcuxpressoide_11.0.0_2516/ide/plugins/com.nxp.mcuxpresso.tools.win32_11.0.0.201905131304/tools/bin/../lib/gcc/arm-none-eabi/8.2.1/thumb/v6-m/nofp\libcr_eabihelpers.a(llong.o)
                0x00007628                __aeabi_lmul
 .text.__aeabi_memcpy
                0x00007656       0x2c c:/nxp/mcuxpressoide_11.0.0_2516/ide/plugins/com.nxp.mcuxpresso.tools.win32_11.0.0.201905131304/tools/bin/../lib/gcc/arm-none-eabi/8.2.1/thumb/v6-m/nofp\libcr_eabihelpers.a(memcpy.o)
                0x00007656                __aeabi_memcpy4
                0x00007656                __aeabi_memcpy8
                0x00007656                __aeabi_memcpy
 .text.__aeabi_memset_lowlevel
                0x00007682       0x2a c:/nxp/mcuxpressoide_11.0.0_2516/ide/plugins/com.nxp.mcuxpresso.tools.win32_11.0.0.201905131304/tools/bin/../lib/gcc/arm-none-eabi/8.2.1/thumb/v6-m/nofp\libcr_eabihelpers.a(memcpy.o)
                0x00007682                __aeabi_lowlevel_memset
 .text.__sys_close
                0x000076ac        0xc c:/nxp/mcuxpressoide_11.0.0_2516/ide/plugins/com.nxp.mcuxpresso.tools.win32_11.0.0.201905131304/tools/bin/../lib/gcc/arm-none-eabi/8.2.1/../../../../arm-none-eabi/lib/thumb/v6-m/nofp\libcr_semihost_nf.a(__sys_close.o)
                0x000076ac                __sys_close
 .text.__sys_flen
                0x000076b8        0xc c:/nxp/mcuxpressoide_11.0.0_2516/ide/plugins/com.nxp.mcuxpresso.tools.win32_11.0.0.201905131304/tools/bin/../lib/gcc/arm-none-eabi/8.2.1/../../../../arm-none-eabi/lib/thumb/v6-m/nofp\libcr_semihost_nf.a(__sys_flen.o)
                0x000076b8                __sys_flen
 .text.__sys_istty
                0x000076c4        0xc c:/nxp/mcuxpressoide_11.0.0_2516/ide/plugins/com.nxp.mcuxpresso.tools.win32_11.0.0.201905131304/tools/bin/../lib/gcc/arm-none-eabi/8.2.1/../../../../arm-none-eabi/lib/thumb/v6-m/nofp\libcr_semihost_nf.a(__sys_istty.o)
                0x000076c4                __sys_istty
 .text.__sys_remove
                0x000076d0        0xc c:/nxp/mcuxpressoide_11.0.0_2516/ide/plugins/com.nxp.mcuxpresso.tools.win32_11.0.0.201905131304/tools/bin/../lib/gcc/arm-none-eabi/8.2.1/../../../../arm-none-eabi/lib/thumb/v6-m/nofp\libcr_semihost_nf.a(__sys_remove.o)
                0x000076d0                __sys_remove
 .text.__sys_seek
                0x000076dc        0xc c:/nxp/mcuxpressoide_11.0.0_2516/ide/plugins/com.nxp.mcuxpresso.tools.win32_11.0.0.201905131304/tools/bin/../lib/gcc/arm-none-eabi/8.2.1/../../../../arm-none-eabi/lib/thumb/v6-m/nofp\libcr_semihost_nf.a(__sys_seek.o)
                0x000076dc                __sys_seek
 .text.__sys_tmpnam
                0x000076e8        0xc c:/nxp/mcuxpressoide_11.0.0_2516/ide/plugins/com.nxp.mcuxpresso.tools.win32_11.0.0.201905131304/tools/bin/../lib/gcc/arm-none-eabi/8.2.1/../../../../arm-none-eabi/lib/thumb/v6-m/nofp\libcr_semihost_nf.a(__sys_tmpnam.o)
                0x000076e8                __sys_tmpnam
 .text.__sys_write
                0x000076f4        0xc c:/nxp/mcuxpressoide_11.0.0_2516/ide/plugins/com.nxp.mcuxpresso.tools.win32_11.0.0.201905131304/tools/bin/../lib/gcc/arm-none-eabi/8.2.1/../../../../arm-none-eabi/lib/thumb/v6-m/nofp\libcr_semihost_nf.a(__sys_write.o)
                0x000076f4                __sys_write
 *(SORT_BY_ALIGNMENT(.rodata) SORT_BY_ALIGNMENT(.rodata.*) SORT_BY_ALIGNMENT(.constdata) SORT_BY_ALIGNMENT(.constdata.*))
 .rodata        0x00007700      0x349 ./source/PES_Project_6_Program_2.o
 *fill*         0x00007a49        0x3 ff
 .rodata        0x00007a4c       0x5f ./source/logger.o
 *fill*         0x00007aab        0x1 ff
 .rodata        0x00007aac       0x18 ./freertos/tasks.o
                0x00007ab4                FreeRTOSDebugConfig
 .rodata        0x00007ac4        0xd ./freertos/timers.o
 *fill*         0x00007ad1        0x3 ff
 .rodata.prvProcessReceivedCommands
                0x00007ad4       0x28 ./freertos/timers.o
 .rodata        0x00007afc      0x13a ./drivers/fsl_adc16.o
 *fill*         0x00007c36        0x2 ff
 .rodata        0x00007c38      0x11d ./drivers/fsl_clock.o
 *fill*         0x00007d55        0x3 ff
 .rodata.fllFactorTable.5230
                0x00007d58       0x10 ./drivers/fsl_clock.o
 .rodata        0x00007d68      0x152 ./drivers/fsl_dac.o
 *fill*         0x00007eba        0x2 ff
 .rodata        0x00007ebc      0x4ae ./drivers/fsl_dma.o
 *fill*         0x0000836a        0x2 ff
 .rodata.s_dmaIRQNumber
                0x0000836c        0x4 ./drivers/fsl_dma.o
 .rodata        0x00008370       0x42 ./drivers/fsl_dmamux.o
 *fill*         0x000083b2        0x2 ff
 .rodata        0x000083b4      0x48c ./drivers/fsl_lpsci.o
 .rodata.s_uartBases
                0x00008840        0xc ./drivers/fsl_uart.o
 .rodata.s_uartClock
                0x0000884c        0xc ./drivers/fsl_uart.o
 .rodata        0x00008858      0x45b ./drivers/fsl_uart.o
 *fill*         0x00008cb3        0x1 ff
 .rodata.mcgConfig_BOARD_BootClockRUN
                0x00008cb4        0xa ./board/clock_config.o
                0x00008cb4                mcgConfig_BOARD_BootClockRUN
 *fill*         0x00008cbe        0x2 ff
 .rodata.simConfig_BOARD_BootClockRUN
                0x00008cc0        0x8 ./board/clock_config.o
                0x00008cc0                simConfig_BOARD_BootClockRUN
 .rodata.oscConfig_BOARD_BootClockRUN
                0x00008cc8        0x8 ./board/clock_config.o
                0x00008cc8                oscConfig_BOARD_BootClockRUN
 .rodata.__num_Ciob_streams
                0x00008cd0        0x4 c:/nxp/mcuxpressoide_11.0.0_2516/ide/plugins/com.nxp.mcuxpresso.tools.win32_11.0.0.201905131304/tools/bin/../lib/gcc/arm-none-eabi/8.2.1/../../../../arm-none-eabi/lib/thumb/v6-m/nofp\libcr_semihost_nf.a(__ciob.o)
                0x00008cd0                __num_Ciob_streams
 .rodata.__assertion_failed.str1.1
                0x00008cd4       0x15 c:/nxp/mcuxpressoide_11.0.0_2516/ide/plugins/com.nxp.mcuxpresso.tools.win32_11.0.0.201905131304/tools/bin/../lib/gcc/arm-none-eabi/8.2.1/../../../../arm-none-eabi/lib/thumb/v6-m/nofp\libcr_semihost_nf.a(_cr_assert.o)
 .rodata._Csys_alloc.str1.1
                0x00008ce9       0x18 c:/nxp/mcuxpressoide_11.0.0_2516/ide/plugins/com.nxp.mcuxpresso.tools.win32_11.0.0.201905131304/tools/bin/../lib/gcc/arm-none-eabi/8.2.1/../../../../arm-none-eabi/lib/thumb/v6-m/nofp\libcr_c.a(alloc.o)
 .rodata._initio.str1.1
                0x00008d01        0x4 c:/nxp/mcuxpressoide_11.0.0_2516/ide/plugins/com.nxp.mcuxpresso.tools.win32_11.0.0.201905131304/tools/bin/../lib/gcc/arm-none-eabi/8.2.1/../../../../arm-none-eabi/lib/thumb/v6-m/nofp\libcr_c.a(initio.o)
 .rodata.__vfprintf.str1.1
                0x00008d05       0x35 c:/nxp/mcuxpressoide_11.0.0_2516/ide/plugins/com.nxp.mcuxpresso.tools.win32_11.0.0.201905131304/tools/bin/../lib/gcc/arm-none-eabi/8.2.1/../../../../arm-none-eabi/lib/thumb/v6-m/nofp\libcr_c.a(printf.o)
                                 0x38 (size before relaxing)
                0x00008d3c                . = ALIGN (0x4)
 *fill*         0x00008d3a        0x2 ff

.glue_7         0x00008d3c        0x0
 .glue_7        0x00008d3c        0x0 linker stubs

.glue_7t        0x00008d3c        0x0
 .glue_7t       0x00008d3c        0x0 linker stubs

.vfp11_veneer   0x00008d3c        0x0
 .vfp11_veneer  0x00008d3c        0x0 linker stubs

.v4_bx          0x00008d3c        0x0
 .v4_bx         0x00008d3c        0x0 linker stubs

.iplt           0x00008d3c        0x0
 .iplt          0x00008d3c        0x0 ./utilities/fsl_debug_console.o

.rel.dyn        0x00008d3c        0x0
 .rel.iplt      0x00008d3c        0x0 ./utilities/fsl_debug_console.o

.ARM.extab
 *(SORT_BY_ALIGNMENT(.ARM.extab*) SORT_BY_ALIGNMENT(.gnu.linkonce.armextab.*))
                0x00008d3c                __exidx_start = .

.ARM.exidx
 *(SORT_BY_ALIGNMENT(.ARM.exidx*) SORT_BY_ALIGNMENT(.gnu.linkonce.armexidx.*))
                0x00008d3c                __exidx_end = .
                0x00008d3c                _etext = .

.m_usb_data
 *(SORT_BY_ALIGNMENT(m_usb_bdt))

.mtb_buffer_default
                0x1ffff000       0x80
 *(SORT_BY_ALIGNMENT(.mtb*))
 .mtb.$RAM1     0x1ffff000       0x80 ./source/mtb.o
                0x1ffff000                __mtb_buffer__

.uninit_RESERVED
                0x1ffff080        0x0
                0x1ffff080                . = ALIGN (0x4)
 *(SORT_BY_ALIGNMENT(.bss.$RESERVED*))
                0x1ffff080                . = ALIGN (0x4)
                0x1ffff080                _end_uninit_RESERVED = .

.data           0x1ffff080       0xd4 load address 0x00008d3c
 FILL mask 0xff
                0x1ffff080                _data = .
 *(SORT_BY_ALIGNMENT(vtable))
 *(SORT_BY_ALIGNMENT(.ramfunc*))
 *(SORT_BY_ALIGNMENT(.data*))
 .data.sine_val
                0x1ffff080       0xc8 ./source/PES_Project_6_Program_2.o
                0x1ffff080                sine_val
 .data.uxCriticalNesting
                0x1ffff148        0x4 ./freertos/port.o
 .data.s_slowIrcFreq
                0x1ffff14c        0x4 ./drivers/fsl_clock.o
 .data.SystemCoreClock
                0x1ffff150        0x4 ./CMSIS/system_MKL25Z4.o
                0x1ffff150                SystemCoreClock
                0x1ffff154                . = ALIGN (0x4)
                0x1ffff154                _edata = .

.igot.plt       0x1ffff154        0x0 load address 0x00008e10
 .igot.plt      0x1ffff154        0x0 ./utilities/fsl_debug_console.o

.bss            0x1ffff154     0x2d08 load address 0x00008e10
                0x1ffff154                . = ALIGN (0x4)
                0x1ffff154                _bss = .
 *(SORT_BY_ALIGNMENT(.bss*))
 .bss.s_debugConsole
                0x1ffff154       0x10 ./utilities/fsl_debug_console.o
 .bss.adc16ConfigStruct
                0x1ffff164        0x9 ./source/PES_Project_6_Program_2.o
                0x1ffff164                adc16ConfigStruct
 *fill*         0x1ffff16d        0x3 
 .bss.adc16ChannelConfigStruct
                0x1ffff170        0x8 ./source/PES_Project_6_Program_2.o
                0x1ffff170                adc16ChannelConfigStruct
 .bss.adc_buf   0x1ffff178        0x4 ./source/PES_Project_6_Program_2.o
                0x1ffff178                adc_buf
 .bss.adc_arr   0x1ffff17c      0x100 ./source/PES_Project_6_Program_2.o
                0x1ffff17c                adc_arr
 .bss.dsp_arr   0x1ffff27c      0x100 ./source/PES_Project_6_Program_2.o
                0x1ffff27c                dsp_arr
 .bss.adc_val   0x1ffff37c        0x4 ./source/PES_Project_6_Program_2.o
                0x1ffff37c                adc_val
 .bss.buf_data  0x1ffff380        0x4 ./source/PES_Project_6_Program_2.o
                0x1ffff380                buf_data
 .bss.i         0x1ffff384        0x4 ./source/PES_Project_6_Program_2.o
                0x1ffff384                i
 .bss.max       0x1ffff388        0x4 ./source/PES_Project_6_Program_2.o
                0x1ffff388                max
 .bss.min       0x1ffff38c        0x4 ./source/PES_Project_6_Program_2.o
                0x1ffff38c                min
 .bss.sum       0x1ffff390        0x4 ./source/PES_Project_6_Program_2.o
                0x1ffff390                sum
 .bss.avg       0x1ffff394        0x4 ./source/PES_Project_6_Program_2.o
                0x1ffff394                avg
 .bss.sd        0x1ffff398        0x4 ./source/PES_Project_6_Program_2.o
                0x1ffff398                sd
 .bss.var       0x1ffff39c        0x4 ./source/PES_Project_6_Program_2.o
                0x1ffff39c                var
 .bss.temp1     0x1ffff3a0        0x4 ./source/PES_Project_6_Program_2.o
                0x1ffff3a0                temp1
 .bss.temp2     0x1ffff3a4        0x4 ./source/PES_Project_6_Program_2.o
                0x1ffff3a4                temp2
 .bss.transferConfig
                0x1ffff3a8       0x10 ./source/PES_Project_6_Program_2.o
                0x1ffff3a8                transferConfig
 .bss.g_DMA_Handle
                0x1ffff3b8       0x10 ./source/PES_Project_6_Program_2.o
                0x1ffff3b8                g_DMA_Handle
 .bss.xMutex    0x1ffff3c8        0x4 ./source/PES_Project_6_Program_2.o
                0x1ffff3c8                xMutex
 .bss.ucHeap    0x1ffff3cc     0x2800 ./freertos/heap_4.o
 .bss.xStart    0x20001bcc        0x8 ./freertos/heap_4.o
 .bss.pxEnd     0x20001bd4        0x4 ./freertos/heap_4.o
 .bss.xFreeBytesRemaining
                0x20001bd8        0x4 ./freertos/heap_4.o
 .bss.xMinimumEverFreeBytesRemaining
                0x20001bdc        0x4 ./freertos/heap_4.o
 .bss.xBlockAllocatedBit
                0x20001be0        0x4 ./freertos/heap_4.o
 .bss.xQueueRegistry
                0x20001be4       0x40 ./freertos/queue.o
                0x20001be4                xQueueRegistry
 .bss.pxCurrentTCB
                0x20001c24        0x4 ./freertos/tasks.o
                0x20001c24                pxCurrentTCB
 .bss.pxReadyTasksLists
                0x20001c28       0x64 ./freertos/tasks.o
 .bss.xDelayedTaskList1
                0x20001c8c       0x14 ./freertos/tasks.o
 .bss.xDelayedTaskList2
                0x20001ca0       0x14 ./freertos/tasks.o
 .bss.pxDelayedTaskList
                0x20001cb4        0x4 ./freertos/tasks.o
 .bss.pxOverflowDelayedTaskList
                0x20001cb8        0x4 ./freertos/tasks.o
 .bss.xPendingReadyList
                0x20001cbc       0x14 ./freertos/tasks.o
 .bss.xTasksWaitingTermination
                0x20001cd0       0x14 ./freertos/tasks.o
 .bss.uxDeletedTasksWaitingCleanUp
                0x20001ce4        0x4 ./freertos/tasks.o
 .bss.xSuspendedTaskList
                0x20001ce8       0x14 ./freertos/tasks.o
 .bss.uxCurrentNumberOfTasks
                0x20001cfc        0x4 ./freertos/tasks.o
 .bss.xTickCount
                0x20001d00        0x4 ./freertos/tasks.o
 .bss.uxTopReadyPriority
                0x20001d04        0x4 ./freertos/tasks.o
 .bss.xSchedulerRunning
                0x20001d08        0x4 ./freertos/tasks.o
 .bss.uxPendedTicks
                0x20001d0c        0x4 ./freertos/tasks.o
 .bss.xYieldPending
                0x20001d10        0x4 ./freertos/tasks.o
 .bss.xNumOfOverflows
                0x20001d14        0x4 ./freertos/tasks.o
 .bss.uxTaskNumber
                0x20001d18        0x4 ./freertos/tasks.o
 .bss.xNextTaskUnblockTime
                0x20001d1c        0x4 ./freertos/tasks.o
 .bss.xIdleTaskHandle
                0x20001d20        0x4 ./freertos/tasks.o
 .bss.uxSchedulerSuspended
                0x20001d24        0x4 ./freertos/tasks.o
 .bss.xActiveTimerList1
                0x20001d28       0x14 ./freertos/timers.o
 .bss.xActiveTimerList2
                0x20001d3c       0x14 ./freertos/timers.o
 .bss.pxCurrentTimerList
                0x20001d50        0x4 ./freertos/timers.o
 .bss.pxOverflowTimerList
                0x20001d54        0x4 ./freertos/timers.o
 .bss.xTimerQueue
                0x20001d58        0x4 ./freertos/timers.o
 .bss.xTimerTaskHandle
                0x20001d5c        0x4 ./freertos/timers.o
 .bss.xLastTime.4576
                0x20001d60        0x4 ./freertos/timers.o
 .bss.g_xtal0Freq
                0x20001d64        0x4 ./drivers/fsl_clock.o
                0x20001d64                g_xtal0Freq
 .bss.s_DMAHandle
                0x20001d68       0x10 ./drivers/fsl_dma.o
 .bss.s_lpsciHandle
                0x20001d78        0x4 ./drivers/fsl_lpsci.o
 .bss.s_lpsciIsr
                0x20001d7c        0x4 ./drivers/fsl_lpsci.o
 .bss.s_uartHandle
                0x20001d80        0xc ./drivers/fsl_uart.o
 .bss.s_uartIsr
                0x20001d8c        0x4 ./drivers/fsl_uart.o
 .bss.__Ciob    0x20001d90       0xb4 c:/nxp/mcuxpressoide_11.0.0_2516/ide/plugins/com.nxp.mcuxpresso.tools.win32_11.0.0.201905131304/tools/bin/../lib/gcc/arm-none-eabi/8.2.1/../../../../arm-none-eabi/lib/thumb/v6-m/nofp\libcr_semihost_nf.a(__ciob.o)
                0x20001d90                __Ciob
 .bss.__end_of_heap
                0x20001e44        0x4 c:/nxp/mcuxpressoide_11.0.0_2516/ide/plugins/com.nxp.mcuxpresso.tools.win32_11.0.0.201905131304/tools/bin/../lib/gcc/arm-none-eabi/8.2.1/../../../../arm-none-eabi/lib/thumb/v6-m/nofp\libcr_c.a(__init_alloc.o)
                0x20001e44                __end_of_heap
 .bss.__heaps   0x20001e48        0x4 c:/nxp/mcuxpressoide_11.0.0_2516/ide/plugins/com.nxp.mcuxpresso.tools.win32_11.0.0.201905131304/tools/bin/../lib/gcc/arm-none-eabi/8.2.1/../../../../arm-none-eabi/lib/thumb/v6-m/nofp\libcr_c.a(__init_alloc.o)
                0x20001e48                __heaps
 .bss.errno     0x20001e4c        0x4 c:/nxp/mcuxpressoide_11.0.0_2516/ide/plugins/com.nxp.mcuxpresso.tools.win32_11.0.0.201905131304/tools/bin/../lib/gcc/arm-none-eabi/8.2.1/../../../../arm-none-eabi/lib/thumb/v6-m/nofp\libcr_c.a(errno.o)
                0x20001e4c                errno
 .bss.dac_write
                0x20001e50        0x1 ./source/PES_Project_6_Program_2.o
                0x20001e50                dac_write
 .bss.adc_read  0x20001e51        0x1 ./source/PES_Project_6_Program_2.o
                0x20001e51                adc_read
 .bss.status    0x20001e52        0x1 ./source/PES_Project_6_Program_2.o
                0x20001e52                status
 .bss.g_Transfer_Done
                0x20001e53        0x1 ./source/PES_Project_6_Program_2.o
                0x20001e53                g_Transfer_Done
 .bss.transfer_complete
                0x20001e54        0x1 ./source/PES_Project_6_Program_2.o
                0x20001e54                transfer_complete
 .bss.hour      0x20001e55        0x1 ./source/PES_Project_6_Program_2.o
                0x20001e55                hour
 .bss.minute    0x20001e56        0x1 ./source/PES_Project_6_Program_2.o
                0x20001e56                minute
 .bss.second    0x20001e57        0x1 ./source/PES_Project_6_Program_2.o
                0x20001e57                second
 .bss.n         0x20001e58        0x1 ./source/PES_Project_6_Program_2.o
                0x20001e58                n
 .bss.j.6608    0x20001e59        0x1 ./source/PES_Project_6_Program_2.o
 .bss.run.6627  0x20001e5a        0x1 ./source/PES_Project_6_Program_2.o
 *(SORT_BY_ALIGNMENT(COMMON))
                0x20001e5c                . = ALIGN (0x4)
 *fill*         0x20001e5b        0x1 
                0x20001e5c                _ebss = .
                [!provide]                PROVIDE (end = .)

.noinit         0x20001e5c        0x0 load address 0x00008e10
                0x20001e5c                . = ALIGN (0x4)
                0x20001e5c                _noinit = .
 *(SORT_BY_ALIGNMENT(.noinit*))
                0x20001e5c                . = ALIGN (0x4)
                0x20001e5c                _end_noinit = .
                0x00000400                _HeapSize = 0x400

.heap           0x20001e5c      0x400 load address 0x00008e10
                0x20001e5c                _pvHeapStart = .
                0x2000225c                . = (. + _HeapSize)
 *fill*         0x20001e5c      0x400 
                0x2000225c                . = ALIGN (0x4)
                0x2000225c                _pvHeapLimit = .
                0x00000400                _StackSize = 0x400

.heap2stackfill
                0x2000225c      0x400 load address 0x00008e10
                0x2000265c                . = (. + _StackSize)
 *fill*         0x2000225c      0x400 

.stack          0x20002c00        0x0
                0x20002c00                _vStackBase = .
                0x20002c00                . = ALIGN (0x4)
                0x20003000                _vStackTop = (. + _StackSize)
                0x00000000                _image_start = LOADADDR (.text)
                0x00008e10                _image_end = (LOADADDR (.data) + SIZEOF (.data))
                0x00008e10                _image_size = (_image_end - _image_start)
OUTPUT(PES_Project_6_Program_2.axf elf32-littlearm)

.debug_info     0x00000000     0xf333
 .debug_info    0x00000000      0x9b1 ./utilities/fsl_debug_console.o
 .debug_info    0x000009b1      0x4db ./startup/startup_mkl25z4.o
 .debug_info    0x00000e8c     0x15e0 ./source/PES_Project_6_Program_2.o
 .debug_info    0x0000246c      0x4f1 ./source/circular_buffer.o
 .debug_info    0x0000295d      0x323 ./source/logger.o
 .debug_info    0x00002c80       0x4f ./source/mtb.o
 .debug_info    0x00002ccf       0x38 ./source/semihost_hardfault.o
 .debug_info    0x00002d07       0xe8 ./freertos/fsl_tickless_lptmr.o
 .debug_info    0x00002def      0x330 ./freertos/heap_4.o
 .debug_info    0x0000311f      0x2e7 ./freertos/list.o
 .debug_info    0x00003406      0x276 ./freertos/port.o
 .debug_info    0x0000367c      0xef7 ./freertos/queue.o
 .debug_info    0x00004573     0x18e2 ./freertos/tasks.o
 .debug_info    0x00005e55      0xb8e ./freertos/timers.o
 .debug_info    0x000069e3      0xc9a ./drivers/fsl_adc16.o
 .debug_info    0x0000767d     0x1a93 ./drivers/fsl_clock.o
 .debug_info    0x00009110      0x8b6 ./drivers/fsl_dac.o
 .debug_info    0x000099c6      0xf4a ./drivers/fsl_dma.o
 .debug_info    0x0000a910      0x4e3 ./drivers/fsl_dmamux.o
 .debug_info    0x0000adf3     0x1465 ./drivers/fsl_lpsci.o
 .debug_info    0x0000c258     0x1406 ./drivers/fsl_uart.o
 .debug_info    0x0000d65e      0x807 ./board/board.o
 .debug_info    0x0000de65      0xafa ./board/clock_config.o
 .debug_info    0x0000e95f      0x59f ./board/pin_mux.o
 .debug_info    0x0000eefe      0x435 ./CMSIS/system_MKL25Z4.o

.debug_abbrev   0x00000000     0x2f98
 .debug_abbrev  0x00000000      0x218 ./utilities/fsl_debug_console.o
 .debug_abbrev  0x00000218      0x18a ./startup/startup_mkl25z4.o
 .debug_abbrev  0x000003a2      0x32b ./source/PES_Project_6_Program_2.o
 .debug_abbrev  0x000006cd      0x178 ./source/circular_buffer.o
 .debug_abbrev  0x00000845      0x11c ./source/logger.o
 .debug_abbrev  0x00000961       0x43 ./source/mtb.o
 .debug_abbrev  0x000009a4       0x2e ./source/semihost_hardfault.o
 .debug_abbrev  0x000009d2       0x97 ./freertos/fsl_tickless_lptmr.o
 .debug_abbrev  0x00000a69      0x1a4 ./freertos/heap_4.o
 .debug_abbrev  0x00000c0d      0x123 ./freertos/list.o
 .debug_abbrev  0x00000d30      0x1b0 ./freertos/port.o
 .debug_abbrev  0x00000ee0      0x211 ./freertos/queue.o
 .debug_abbrev  0x000010f1      0x2cd ./freertos/tasks.o
 .debug_abbrev  0x000013be      0x222 ./freertos/timers.o
 .debug_abbrev  0x000015e0      0x29f ./drivers/fsl_adc16.o
 .debug_abbrev  0x0000187f      0x36c ./drivers/fsl_clock.o
 .debug_abbrev  0x00001beb      0x234 ./drivers/fsl_dac.o
 .debug_abbrev  0x00001e1f      0x2e9 ./drivers/fsl_dma.o
 .debug_abbrev  0x00002108      0x1ad ./drivers/fsl_dmamux.o
 .debug_abbrev  0x000022b5      0x306 ./drivers/fsl_lpsci.o
 .debug_abbrev  0x000025bb      0x320 ./drivers/fsl_uart.o
 .debug_abbrev  0x000028db      0x1a4 ./board/board.o
 .debug_abbrev  0x00002a7f      0x20e ./board/clock_config.o
 .debug_abbrev  0x00002c8d      0x1b8 ./board/pin_mux.o
 .debug_abbrev  0x00002e45      0x153 ./CMSIS/system_MKL25Z4.o

.debug_aranges  0x00000000      0xf60
 .debug_aranges
                0x00000000       0x48 ./utilities/fsl_debug_console.o
 .debug_aranges
                0x00000048      0x160 ./startup/startup_mkl25z4.o
 .debug_aranges
                0x000001a8       0xa0 ./source/PES_Project_6_Program_2.o
 .debug_aranges
                0x00000248       0x80 ./source/circular_buffer.o
 .debug_aranges
                0x000002c8       0x40 ./source/logger.o
 .debug_aranges
                0x00000308       0x18 ./source/mtb.o
 .debug_aranges
                0x00000320       0x20 ./source/semihost_hardfault.o
 .debug_aranges
                0x00000340       0x20 ./freertos/fsl_tickless_lptmr.o
 .debug_aranges
                0x00000360       0x50 ./freertos/heap_4.o
 .debug_aranges
                0x000003b0       0x40 ./freertos/list.o
 .debug_aranges
                0x000003f0       0x80 ./freertos/port.o
 .debug_aranges
                0x00000470      0x118 ./freertos/queue.o
 .debug_aranges
                0x00000588      0x1e8 ./freertos/tasks.o
 .debug_aranges
                0x00000770       0xc8 ./freertos/timers.o
 .debug_aranges
                0x00000838       0x88 ./drivers/fsl_adc16.o
 .debug_aranges
                0x000008c0      0x1d8 ./drivers/fsl_clock.o
 .debug_aranges
                0x00000a98       0x90 ./drivers/fsl_dac.o
 .debug_aranges
                0x00000b28       0xd0 ./drivers/fsl_dma.o
 .debug_aranges
                0x00000bf8       0x40 ./drivers/fsl_dmamux.o
 .debug_aranges
                0x00000c38      0x118 ./drivers/fsl_lpsci.o
 .debug_aranges
                0x00000d50      0x130 ./drivers/fsl_uart.o
 .debug_aranges
                0x00000e80       0x28 ./board/board.o
 .debug_aranges
                0x00000ea8       0x58 ./board/clock_config.o
 .debug_aranges
                0x00000f00       0x38 ./board/pin_mux.o
 .debug_aranges
                0x00000f38       0x28 ./CMSIS/system_MKL25Z4.o

.debug_ranges   0x00000000      0xdc8
 .debug_ranges  0x00000000       0x38 ./utilities/fsl_debug_console.o
 .debug_ranges  0x00000038      0x150 ./startup/startup_mkl25z4.o
 .debug_ranges  0x00000188       0x90 ./source/PES_Project_6_Program_2.o
 .debug_ranges  0x00000218       0x70 ./source/circular_buffer.o
 .debug_ranges  0x00000288       0x30 ./source/logger.o
 .debug_ranges  0x000002b8       0x10 ./source/semihost_hardfault.o
 .debug_ranges  0x000002c8       0x10 ./freertos/fsl_tickless_lptmr.o
 .debug_ranges  0x000002d8       0x40 ./freertos/heap_4.o
 .debug_ranges  0x00000318       0x30 ./freertos/list.o
 .debug_ranges  0x00000348       0x70 ./freertos/port.o
 .debug_ranges  0x000003b8      0x108 ./freertos/queue.o
 .debug_ranges  0x000004c0      0x1d8 ./freertos/tasks.o
 .debug_ranges  0x00000698       0xb8 ./freertos/timers.o
 .debug_ranges  0x00000750       0x78 ./drivers/fsl_adc16.o
 .debug_ranges  0x000007c8      0x1c8 ./drivers/fsl_clock.o
 .debug_ranges  0x00000990       0x80 ./drivers/fsl_dac.o
 .debug_ranges  0x00000a10       0xc0 ./drivers/fsl_dma.o
 .debug_ranges  0x00000ad0       0x30 ./drivers/fsl_dmamux.o
 .debug_ranges  0x00000b00      0x108 ./drivers/fsl_lpsci.o
 .debug_ranges  0x00000c08      0x120 ./drivers/fsl_uart.o
 .debug_ranges  0x00000d28       0x18 ./board/board.o
 .debug_ranges  0x00000d40       0x48 ./board/clock_config.o
 .debug_ranges  0x00000d88       0x28 ./board/pin_mux.o
 .debug_ranges  0x00000db0       0x18 ./CMSIS/system_MKL25Z4.o

.debug_line     0x00000000     0x8a9a
 .debug_line    0x00000000      0x315 ./utilities/fsl_debug_console.o
 .debug_line    0x00000315      0x1e7 ./startup/startup_mkl25z4.o
 .debug_line    0x000004fc      0x6c2 ./source/PES_Project_6_Program_2.o
 .debug_line    0x00000bbe      0x3ba ./source/circular_buffer.o
 .debug_line    0x00000f78      0x230 ./source/logger.o
 .debug_line    0x000011a8       0x30 ./source/mtb.o
 .debug_line    0x000011d8       0x5a ./source/semihost_hardfault.o
 .debug_line    0x00001232      0x18c ./freertos/fsl_tickless_lptmr.o
 .debug_line    0x000013be      0x3c6 ./freertos/heap_4.o
 .debug_line    0x00001784      0x272 ./freertos/list.o
 .debug_line    0x000019f6      0x30d ./freertos/port.o
 .debug_line    0x00001d03      0xbdd ./freertos/queue.o
 .debug_line    0x000028e0     0x1488 ./freertos/tasks.o
 .debug_line    0x00003d68      0x67b ./freertos/timers.o
 .debug_line    0x000043e3      0x558 ./drivers/fsl_adc16.o
 .debug_line    0x0000493b     0x1204 ./drivers/fsl_clock.o
 .debug_line    0x00005b3f      0x43e ./drivers/fsl_dac.o
 .debug_line    0x00005f7d      0x659 ./drivers/fsl_dma.o
 .debug_line    0x000065d6      0x259 ./drivers/fsl_dmamux.o
 .debug_line    0x0000682f      0xc88 ./drivers/fsl_lpsci.o
 .debug_line    0x000074b7      0xc77 ./drivers/fsl_uart.o
 .debug_line    0x0000812e      0x1e5 ./board/board.o
 .debug_line    0x00008313      0x2b7 ./board/clock_config.o
 .debug_line    0x000085ca      0x228 ./board/pin_mux.o
 .debug_line    0x000087f2      0x2a8 ./CMSIS/system_MKL25Z4.o

.debug_str      0x00000000     0x6a59
 .debug_str     0x00000000      0xb01 ./utilities/fsl_debug_console.o
                                0xb7e (size before relaxing)
 .debug_str     0x00000b01      0x394 ./startup/startup_mkl25z4.o
                                0x4fa (size before relaxing)
 .debug_str     0x00000e95      0xeb3 ./source/PES_Project_6_Program_2.o
                               0x1741 (size before relaxing)
 .debug_str     0x00001d48       0x99 ./source/circular_buffer.o
                                0x3f0 (size before relaxing)
 .debug_str     0x00001de1       0x67 ./source/logger.o
                                0x387 (size before relaxing)
 .debug_str     0x00001e48       0x1f ./source/mtb.o
                                0x184 (size before relaxing)
 .debug_str     0x00001e67       0x1f ./source/semihost_hardfault.o
                                0x184 (size before relaxing)
 .debug_str     0x00001e86       0x38 ./freertos/fsl_tickless_lptmr.o
                                0x275 (size before relaxing)
 .debug_str     0x00001ebe      0x1d3 ./freertos/heap_4.o
                                0x3fb (size before relaxing)
 .debug_str     0x00002091      0x125 ./freertos/list.o
                                0x36f (size before relaxing)
 .debug_str     0x000021b6      0x130 ./freertos/port.o
                                0x3b1 (size before relaxing)
 .debug_str     0x000022e6      0x557 ./freertos/queue.o
                                0x891 (size before relaxing)
 .debug_str     0x0000283d      0xbec ./freertos/tasks.o
                               0x100f (size before relaxing)
 .debug_str     0x00003429      0x4cf ./freertos/timers.o
                                0x851 (size before relaxing)
 .debug_str     0x000038f8      0x56c ./drivers/fsl_adc16.o
                               0x1283 (size before relaxing)
 .debug_str     0x00003e64      0xc2d ./drivers/fsl_clock.o
                               0x1825 (size before relaxing)
 .debug_str     0x00004a91      0x259 ./drivers/fsl_dac.o
                                0xbd6 (size before relaxing)
 .debug_str     0x00004cea      0x785 ./drivers/fsl_dma.o
                               0x12b7 (size before relaxing)
 .debug_str     0x0000546f       0x65 ./drivers/fsl_dmamux.o
                                0x8de (size before relaxing)
 .debug_str     0x000054d4      0x93a ./drivers/fsl_lpsci.o
                               0x15ed (size before relaxing)
 .debug_str     0x00005e0e      0x819 ./drivers/fsl_uart.o
                               0x15f9 (size before relaxing)
 .debug_str     0x00006627       0x4c ./board/board.o
                                0x778 (size before relaxing)
 .debug_str     0x00006673      0x237 ./board/clock_config.o
                                0xe0c (size before relaxing)
 .debug_str     0x000068aa      0x168 ./board/pin_mux.o
                                0x615 (size before relaxing)
 .debug_str     0x00006a12       0x47 ./CMSIS/system_MKL25Z4.o
                                0x366 (size before relaxing)

.comment        0x00000000       0x75
 .comment       0x00000000       0x75 ./utilities/fsl_debug_console.o
                                 0x76 (size before relaxing)
 .comment       0x00000075       0x76 ./startup/startup_mkl25z4.o
 .comment       0x00000075       0x76 ./source/PES_Project_6_Program_2.o
 .comment       0x00000075       0x76 ./source/circular_buffer.o
 .comment       0x00000075       0x76 ./source/logger.o
 .comment       0x00000075       0x76 ./source/mtb.o
 .comment       0x00000075       0x76 ./source/semihost_hardfault.o
 .comment       0x00000075       0x76 ./freertos/fsl_tickless_lptmr.o
 .comment       0x00000075       0x76 ./freertos/heap_4.o
 .comment       0x00000075       0x76 ./freertos/list.o
 .comment       0x00000075       0x76 ./freertos/port.o
 .comment       0x00000075       0x76 ./freertos/queue.o
 .comment       0x00000075       0x76 ./freertos/tasks.o
 .comment       0x00000075       0x76 ./freertos/timers.o
 .comment       0x00000075       0x76 ./drivers/fsl_adc16.o
 .comment       0x00000075       0x76 ./drivers/fsl_clock.o
 .comment       0x00000075       0x76 ./drivers/fsl_dac.o
 .comment       0x00000075       0x76 ./drivers/fsl_dma.o
 .comment       0x00000075       0x76 ./drivers/fsl_dmamux.o
 .comment       0x00000075       0x76 ./drivers/fsl_lpsci.o
 .comment       0x00000075       0x76 ./drivers/fsl_uart.o
 .comment       0x00000075       0x76 ./board/board.o
 .comment       0x00000075       0x76 ./board/clock_config.o
 .comment       0x00000075       0x76 ./board/pin_mux.o
 .comment       0x00000075       0x76 ./CMSIS/system_MKL25Z4.o
 .comment       0x00000075       0x76 c:/nxp/mcuxpressoide_11.0.0_2516/ide/plugins/com.nxp.mcuxpresso.tools.win32_11.0.0.201905131304/tools/bin/../lib/gcc/arm-none-eabi/8.2.1/../../../../arm-none-eabi/lib/thumb/v6-m/nofp\libcr_semihost_nf.a(_cr__main.o)
 .comment       0x00000075       0x76 c:/nxp/mcuxpressoide_11.0.0_2516/ide/plugins/com.nxp.mcuxpresso.tools.win32_11.0.0.201905131304/tools/bin/../lib/gcc/arm-none-eabi/8.2.1/../../../../arm-none-eabi/lib/thumb/v6-m/nofp\libcr_semihost_nf.a(_cr_assert.o)
 .comment       0x00000075       0x76 c:/nxp/mcuxpressoide_11.0.0_2516/ide/plugins/com.nxp.mcuxpresso.tools.win32_11.0.0.201905131304/tools/bin/../lib/gcc/arm-none-eabi/8.2.1/../../../../arm-none-eabi/lib/thumb/v6-m/nofp\libcr_semihost_nf.a(__ciob.o)
 .comment       0x00000075       0x76 c:/nxp/mcuxpressoide_11.0.0_2516/ide/plugins/com.nxp.mcuxpresso.tools.win32_11.0.0.201905131304/tools/bin/../lib/gcc/arm-none-eabi/8.2.1/../../../../arm-none-eabi/lib/thumb/v6-m/nofp\libcr_c.a(memcpy.o)
 .comment       0x00000075       0x76 c:/nxp/mcuxpressoide_11.0.0_2516/ide/plugins/com.nxp.mcuxpresso.tools.win32_11.0.0.201905131304/tools/bin/../lib/gcc/arm-none-eabi/8.2.1/../../../../arm-none-eabi/lib/thumb/v6-m/nofp\libcr_c.a(memset.o)
 .comment       0x00000075       0x76 c:/nxp/mcuxpressoide_11.0.0_2516/ide/plugins/com.nxp.mcuxpresso.tools.win32_11.0.0.201905131304/tools/bin/../lib/gcc/arm-none-eabi/8.2.1/../../../../arm-none-eabi/lib/thumb/v6-m/nofp\libcr_c.a(_deferredlazyseek.o)
 .comment       0x00000075       0x76 c:/nxp/mcuxpressoide_11.0.0_2516/ide/plugins/com.nxp.mcuxpresso.tools.win32_11.0.0.201905131304/tools/bin/../lib/gcc/arm-none-eabi/8.2.1/../../../../arm-none-eabi/lib/thumb/v6-m/nofp\libcr_c.a(_fflush.o)
 .comment       0x00000075       0x76 c:/nxp/mcuxpressoide_11.0.0_2516/ide/plugins/com.nxp.mcuxpresso.tools.win32_11.0.0.201905131304/tools/bin/../lib/gcc/arm-none-eabi/8.2.1/../../../../arm-none-eabi/lib/thumb/v6-m/nofp\libcr_c.a(_writebuf.o)
 .comment       0x00000075       0x76 c:/nxp/mcuxpressoide_11.0.0_2516/ide/plugins/com.nxp.mcuxpresso.tools.win32_11.0.0.201905131304/tools/bin/../lib/gcc/arm-none-eabi/8.2.1/../../../../arm-none-eabi/lib/thumb/v6-m/nofp\libcr_c.a(alloc.o)
 .comment       0x00000075       0x76 c:/nxp/mcuxpressoide_11.0.0_2516/ide/plugins/com.nxp.mcuxpresso.tools.win32_11.0.0.201905131304/tools/bin/../lib/gcc/arm-none-eabi/8.2.1/../../../../arm-none-eabi/lib/thumb/v6-m/nofp\libcr_c.a(fputs.o)
 .comment       0x00000075       0x76 c:/nxp/mcuxpressoide_11.0.0_2516/ide/plugins/com.nxp.mcuxpresso.tools.win32_11.0.0.201905131304/tools/bin/../lib/gcc/arm-none-eabi/8.2.1/../../../../arm-none-eabi/lib/thumb/v6-m/nofp\libcr_c.a(fseek.o)
 .comment       0x00000075       0x76 c:/nxp/mcuxpressoide_11.0.0_2516/ide/plugins/com.nxp.mcuxpresso.tools.win32_11.0.0.201905131304/tools/bin/../lib/gcc/arm-none-eabi/8.2.1/../../../../arm-none-eabi/lib/thumb/v6-m/nofp\libcr_c.a(ftell.o)
 .comment       0x00000075       0x76 c:/nxp/mcuxpressoide_11.0.0_2516/ide/plugins/com.nxp.mcuxpresso.tools.win32_11.0.0.201905131304/tools/bin/../lib/gcc/arm-none-eabi/8.2.1/../../../../arm-none-eabi/lib/thumb/v6-m/nofp\libcr_c.a(initio.o)
 .comment       0x00000075       0x76 c:/nxp/mcuxpressoide_11.0.0_2516/ide/plugins/com.nxp.mcuxpresso.tools.win32_11.0.0.201905131304/tools/bin/../lib/gcc/arm-none-eabi/8.2.1/../../../../arm-none-eabi/lib/thumb/v6-m/nofp\libcr_c.a(printf.o)
 .comment       0x00000075       0x76 c:/nxp/mcuxpressoide_11.0.0_2516/ide/plugins/com.nxp.mcuxpresso.tools.win32_11.0.0.201905131304/tools/bin/../lib/gcc/arm-none-eabi/8.2.1/../../../../arm-none-eabi/lib/thumb/v6-m/nofp\libcr_c.a(setvbuf.o)
 .comment       0x00000075       0x76 c:/nxp/mcuxpressoide_11.0.0_2516/ide/plugins/com.nxp.mcuxpresso.tools.win32_11.0.0.201905131304/tools/bin/../lib/gcc/arm-none-eabi/8.2.1/../../../../arm-none-eabi/lib/thumb/v6-m/nofp\libcr_c.a(sqrt.o)
 .comment       0x00000075       0x76 c:/nxp/mcuxpressoide_11.0.0_2516/ide/plugins/com.nxp.mcuxpresso.tools.win32_11.0.0.201905131304/tools/bin/../lib/gcc/arm-none-eabi/8.2.1/../../../../arm-none-eabi/lib/thumb/v6-m/nofp\libcr_c.a(strlen.o)
 .comment       0x00000075       0x76 c:/nxp/mcuxpressoide_11.0.0_2516/ide/plugins/com.nxp.mcuxpresso.tools.win32_11.0.0.201905131304/tools/bin/../lib/gcc/arm-none-eabi/8.2.1/../../../../arm-none-eabi/lib/thumb/v6-m/nofp\libcr_c.a(__init_alloc.o)
 .comment       0x00000075       0x76 c:/nxp/mcuxpressoide_11.0.0_2516/ide/plugins/com.nxp.mcuxpresso.tools.win32_11.0.0.201905131304/tools/bin/../lib/gcc/arm-none-eabi/8.2.1/../../../../arm-none-eabi/lib/thumb/v6-m/nofp\libcr_c.a(_cr_sbrk.o)
 .comment       0x00000075       0x76 c:/nxp/mcuxpressoide_11.0.0_2516/ide/plugins/com.nxp.mcuxpresso.tools.win32_11.0.0.201905131304/tools/bin/../lib/gcc/arm-none-eabi/8.2.1/../../../../arm-none-eabi/lib/thumb/v6-m/nofp\libcr_c.a(_fdopen.o)
 .comment       0x00000075       0x76 c:/nxp/mcuxpressoide_11.0.0_2516/ide/plugins/com.nxp.mcuxpresso.tools.win32_11.0.0.201905131304/tools/bin/../lib/gcc/arm-none-eabi/8.2.1/../../../../arm-none-eabi/lib/thumb/v6-m/nofp\libcr_c.a(errno.o)
 .comment       0x00000075       0x76 c:/nxp/mcuxpressoide_11.0.0_2516/ide/plugins/com.nxp.mcuxpresso.tools.win32_11.0.0.201905131304/tools/bin/../lib/gcc/arm-none-eabi/8.2.1/../../../../arm-none-eabi/lib/thumb/v6-m/nofp\libcr_c.a(fclose.o)
 .comment       0x00000075       0x76 c:/nxp/mcuxpressoide_11.0.0_2516/ide/plugins/com.nxp.mcuxpresso.tools.win32_11.0.0.201905131304/tools/bin/../lib/gcc/arm-none-eabi/8.2.1/../../../../arm-none-eabi/lib/thumb/v6-m/nofp\libcr_c.a(fflush.o)
 .comment       0x00000075       0x76 c:/nxp/mcuxpressoide_11.0.0_2516/ide/plugins/com.nxp.mcuxpresso.tools.win32_11.0.0.201905131304/tools/bin/../lib/gcc/arm-none-eabi/8.2.1/../../../../arm-none-eabi/lib/thumb/v6-m/nofp\libcr_c.a(remove.o)
 .comment       0x00000075       0x76 c:/nxp/mcuxpressoide_11.0.0_2516/ide/plugins/com.nxp.mcuxpresso.tools.win32_11.0.0.201905131304/tools/bin/../lib/gcc/arm-none-eabi/8.2.1/../../../../arm-none-eabi/lib/thumb/v6-m/nofp\libcr_c.a(_cr_check_heap.o)
 .comment       0x00000075       0x76 c:/nxp/mcuxpressoide_11.0.0_2516/ide/plugins/com.nxp.mcuxpresso.tools.win32_11.0.0.201905131304/tools/bin/../lib/gcc/arm-none-eabi/8.2.1/../../../../arm-none-eabi/lib/thumb/v6-m/nofp\libcr_c.a(_do_fflush.o)
 .comment       0x00000075       0x76 c:/nxp/mcuxpressoide_11.0.0_2516/ide/plugins/com.nxp.mcuxpresso.tools.win32_11.0.0.201905131304/tools/bin/../lib/gcc/arm-none-eabi/8.2.1/thumb/v6-m/nofp\libcr_eabihelpers.a(double.o)

.ARM.attributes
                0x00000000       0x2a
 .ARM.attributes
                0x00000000       0x2c ./utilities/fsl_debug_console.o
 .ARM.attributes
                0x0000002c       0x2c ./startup/startup_mkl25z4.o
 .ARM.attributes
                0x00000058       0x2c ./source/PES_Project_6_Program_2.o
 .ARM.attributes
                0x00000084       0x2c ./source/circular_buffer.o
 .ARM.attributes
                0x000000b0       0x2c ./source/logger.o
 .ARM.attributes
                0x000000dc       0x32 ./source/mtb.o
 .ARM.attributes
                0x0000010e       0x2c ./source/semihost_hardfault.o
 .ARM.attributes
                0x0000013a       0x2c ./freertos/fsl_tickless_lptmr.o
 .ARM.attributes
                0x00000166       0x2c ./freertos/heap_4.o
 .ARM.attributes
                0x00000192       0x2c ./freertos/list.o
 .ARM.attributes
                0x000001be       0x2c ./freertos/port.o
 .ARM.attributes
                0x000001ea       0x2c ./freertos/queue.o
 .ARM.attributes
                0x00000216       0x2c ./freertos/tasks.o
 .ARM.attributes
                0x00000242       0x2c ./freertos/timers.o
 .ARM.attributes
                0x0000026e       0x2c ./drivers/fsl_adc16.o
 .ARM.attributes
                0x0000029a       0x2c ./drivers/fsl_clock.o
 .ARM.attributes
                0x000002c6       0x2c ./drivers/fsl_dac.o
 .ARM.attributes
                0x000002f2       0x2c ./drivers/fsl_dma.o
 .ARM.attributes
                0x0000031e       0x2c ./drivers/fsl_dmamux.o
 .ARM.attributes
                0x0000034a       0x2c ./drivers/fsl_lpsci.o
 .ARM.attributes
                0x00000376       0x2c ./drivers/fsl_uart.o
 .ARM.attributes
                0x000003a2       0x2c ./board/board.o
 .ARM.attributes
                0x000003ce       0x2c ./board/clock_config.o
 .ARM.attributes
                0x000003fa       0x2c ./board/pin_mux.o
 .ARM.attributes
                0x00000426       0x2c ./CMSIS/system_MKL25Z4.o
 .ARM.attributes
                0x00000452       0x2c c:/nxp/mcuxpressoide_11.0.0_2516/ide/plugins/com.nxp.mcuxpresso.tools.win32_11.0.0.201905131304/tools/bin/../lib/gcc/arm-none-eabi/8.2.1/../../../../arm-none-eabi/lib/thumb/v6-m/nofp\libcr_semihost_nf.a(_cr__main.o)
 .ARM.attributes
                0x0000047e       0x2c c:/nxp/mcuxpressoide_11.0.0_2516/ide/plugins/com.nxp.mcuxpresso.tools.win32_11.0.0.201905131304/tools/bin/../lib/gcc/arm-none-eabi/8.2.1/../../../../arm-none-eabi/lib/thumb/v6-m/nofp\libcr_semihost_nf.a(_cr_assert.o)
 .ARM.attributes
                0x000004aa       0x31 c:/nxp/mcuxpressoide_11.0.0_2516/ide/plugins/com.nxp.mcuxpresso.tools.win32_11.0.0.201905131304/tools/bin/../lib/gcc/arm-none-eabi/8.2.1/../../../../arm-none-eabi/lib/thumb/v6-m/nofp\libcr_semihost_nf.a(__ciob.o)
 .ARM.attributes
                0x000004db       0x1c c:/nxp/mcuxpressoide_11.0.0_2516/ide/plugins/com.nxp.mcuxpresso.tools.win32_11.0.0.201905131304/tools/bin/../lib/gcc/arm-none-eabi/8.2.1/../../../../arm-none-eabi/lib/thumb/v6-m/nofp\libcr_semihost_nf.a(__sys_appexit.o)
 .ARM.attributes
                0x000004f7       0x2c c:/nxp/mcuxpressoide_11.0.0_2516/ide/plugins/com.nxp.mcuxpresso.tools.win32_11.0.0.201905131304/tools/bin/../lib/gcc/arm-none-eabi/8.2.1/../../../../arm-none-eabi/lib/thumb/v6-m/nofp\libcr_c.a(memcpy.o)
 .ARM.attributes
                0x00000523       0x2c c:/nxp/mcuxpressoide_11.0.0_2516/ide/plugins/com.nxp.mcuxpresso.tools.win32_11.0.0.201905131304/tools/bin/../lib/gcc/arm-none-eabi/8.2.1/../../../../arm-none-eabi/lib/thumb/v6-m/nofp\libcr_c.a(memset.o)
 .ARM.attributes
                0x0000054f       0x2c c:/nxp/mcuxpressoide_11.0.0_2516/ide/plugins/com.nxp.mcuxpresso.tools.win32_11.0.0.201905131304/tools/bin/../lib/gcc/arm-none-eabi/8.2.1/../../../../arm-none-eabi/lib/thumb/v6-m/nofp\libcr_c.a(_deferredlazyseek.o)
 .ARM.attributes
                0x0000057b       0x2c c:/nxp/mcuxpressoide_11.0.0_2516/ide/plugins/com.nxp.mcuxpresso.tools.win32_11.0.0.201905131304/tools/bin/../lib/gcc/arm-none-eabi/8.2.1/../../../../arm-none-eabi/lib/thumb/v6-m/nofp\libcr_c.a(_fflush.o)
 .ARM.attributes
                0x000005a7       0x2c c:/nxp/mcuxpressoide_11.0.0_2516/ide/plugins/com.nxp.mcuxpresso.tools.win32_11.0.0.201905131304/tools/bin/../lib/gcc/arm-none-eabi/8.2.1/../../../../arm-none-eabi/lib/thumb/v6-m/nofp\libcr_c.a(_writebuf.o)
 .ARM.attributes
                0x000005d3       0x2c c:/nxp/mcuxpressoide_11.0.0_2516/ide/plugins/com.nxp.mcuxpresso.tools.win32_11.0.0.201905131304/tools/bin/../lib/gcc/arm-none-eabi/8.2.1/../../../../arm-none-eabi/lib/thumb/v6-m/nofp\libcr_c.a(alloc.o)
 .ARM.attributes
                0x000005ff       0x2c c:/nxp/mcuxpressoide_11.0.0_2516/ide/plugins/com.nxp.mcuxpresso.tools.win32_11.0.0.201905131304/tools/bin/../lib/gcc/arm-none-eabi/8.2.1/../../../../arm-none-eabi/lib/thumb/v6-m/nofp\libcr_c.a(fputs.o)
 .ARM.attributes
                0x0000062b       0x2c c:/nxp/mcuxpressoide_11.0.0_2516/ide/plugins/com.nxp.mcuxpresso.tools.win32_11.0.0.201905131304/tools/bin/../lib/gcc/arm-none-eabi/8.2.1/../../../../arm-none-eabi/lib/thumb/v6-m/nofp\libcr_c.a(fseek.o)
 .ARM.attributes
                0x00000657       0x2c c:/nxp/mcuxpressoide_11.0.0_2516/ide/plugins/com.nxp.mcuxpresso.tools.win32_11.0.0.201905131304/tools/bin/../lib/gcc/arm-none-eabi/8.2.1/../../../../arm-none-eabi/lib/thumb/v6-m/nofp\libcr_c.a(ftell.o)
 .ARM.attributes
                0x00000683       0x2c c:/nxp/mcuxpressoide_11.0.0_2516/ide/plugins/com.nxp.mcuxpresso.tools.win32_11.0.0.201905131304/tools/bin/../lib/gcc/arm-none-eabi/8.2.1/../../../../arm-none-eabi/lib/thumb/v6-m/nofp\libcr_c.a(initio.o)
 .ARM.attributes
                0x000006af       0x2c c:/nxp/mcuxpressoide_11.0.0_2516/ide/plugins/com.nxp.mcuxpresso.tools.win32_11.0.0.201905131304/tools/bin/../lib/gcc/arm-none-eabi/8.2.1/../../../../arm-none-eabi/lib/thumb/v6-m/nofp\libcr_c.a(printf.o)
 .ARM.attributes
                0x000006db       0x2c c:/nxp/mcuxpressoide_11.0.0_2516/ide/plugins/com.nxp.mcuxpresso.tools.win32_11.0.0.201905131304/tools/bin/../lib/gcc/arm-none-eabi/8.2.1/../../../../arm-none-eabi/lib/thumb/v6-m/nofp\libcr_c.a(setvbuf.o)
 .ARM.attributes
                0x00000707       0x2c c:/nxp/mcuxpressoide_11.0.0_2516/ide/plugins/com.nxp.mcuxpresso.tools.win32_11.0.0.201905131304/tools/bin/../lib/gcc/arm-none-eabi/8.2.1/../../../../arm-none-eabi/lib/thumb/v6-m/nofp\libcr_c.a(sqrt.o)
 .ARM.attributes
                0x00000733       0x2c c:/nxp/mcuxpressoide_11.0.0_2516/ide/plugins/com.nxp.mcuxpresso.tools.win32_11.0.0.201905131304/tools/bin/../lib/gcc/arm-none-eabi/8.2.1/../../../../arm-none-eabi/lib/thumb/v6-m/nofp\libcr_c.a(strlen.o)
 .ARM.attributes
                0x0000075f       0x2c c:/nxp/mcuxpressoide_11.0.0_2516/ide/plugins/com.nxp.mcuxpresso.tools.win32_11.0.0.201905131304/tools/bin/../lib/gcc/arm-none-eabi/8.2.1/../../../../arm-none-eabi/lib/thumb/v6-m/nofp\libcr_c.a(__init_alloc.o)
 .ARM.attributes
                0x0000078b       0x2c c:/nxp/mcuxpressoide_11.0.0_2516/ide/plugins/com.nxp.mcuxpresso.tools.win32_11.0.0.201905131304/tools/bin/../lib/gcc/arm-none-eabi/8.2.1/../../../../arm-none-eabi/lib/thumb/v6-m/nofp\libcr_c.a(_cr_sbrk.o)
 .ARM.attributes
                0x000007b7       0x2c c:/nxp/mcuxpressoide_11.0.0_2516/ide/plugins/com.nxp.mcuxpresso.tools.win32_11.0.0.201905131304/tools/bin/../lib/gcc/arm-none-eabi/8.2.1/../../../../arm-none-eabi/lib/thumb/v6-m/nofp\libcr_c.a(_fdopen.o)
 .ARM.attributes
                0x000007e3       0x31 c:/nxp/mcuxpressoide_11.0.0_2516/ide/plugins/com.nxp.mcuxpresso.tools.win32_11.0.0.201905131304/tools/bin/../lib/gcc/arm-none-eabi/8.2.1/../../../../arm-none-eabi/lib/thumb/v6-m/nofp\libcr_c.a(errno.o)
 .ARM.attributes
                0x00000814       0x2c c:/nxp/mcuxpressoide_11.0.0_2516/ide/plugins/com.nxp.mcuxpresso.tools.win32_11.0.0.201905131304/tools/bin/../lib/gcc/arm-none-eabi/8.2.1/../../../../arm-none-eabi/lib/thumb/v6-m/nofp\libcr_c.a(fclose.o)
 .ARM.attributes
                0x00000840       0x2c c:/nxp/mcuxpressoide_11.0.0_2516/ide/plugins/com.nxp.mcuxpresso.tools.win32_11.0.0.201905131304/tools/bin/../lib/gcc/arm-none-eabi/8.2.1/../../../../arm-none-eabi/lib/thumb/v6-m/nofp\libcr_c.a(fflush.o)
 .ARM.attributes
                0x0000086c       0x2c c:/nxp/mcuxpressoide_11.0.0_2516/ide/plugins/com.nxp.mcuxpresso.tools.win32_11.0.0.201905131304/tools/bin/../lib/gcc/arm-none-eabi/8.2.1/../../../../arm-none-eabi/lib/thumb/v6-m/nofp\libcr_c.a(remove.o)
 .ARM.attributes
                0x00000898       0x2c c:/nxp/mcuxpressoide_11.0.0_2516/ide/plugins/com.nxp.mcuxpresso.tools.win32_11.0.0.201905131304/tools/bin/../lib/gcc/arm-none-eabi/8.2.1/../../../../arm-none-eabi/lib/thumb/v6-m/nofp\libcr_c.a(_cr_check_heap.o)
 .ARM.attributes
                0x000008c4       0x2c c:/nxp/mcuxpressoide_11.0.0_2516/ide/plugins/com.nxp.mcuxpresso.tools.win32_11.0.0.201905131304/tools/bin/../lib/gcc/arm-none-eabi/8.2.1/../../../../arm-none-eabi/lib/thumb/v6-m/nofp\libcr_c.a(_do_fflush.o)
 .ARM.attributes
                0x000008f0       0x1c c:/nxp/mcuxpressoide_11.0.0_2516/ide/plugins/com.nxp.mcuxpresso.tools.win32_11.0.0.201905131304/tools/bin/../lib/gcc/arm-none-eabi/8.2.1/thumb/v6-m/nofp\libcr_eabihelpers.a(division_32.o)
 .ARM.attributes
                0x0000090c       0x1c c:/nxp/mcuxpressoide_11.0.0_2516/ide/plugins/com.nxp.mcuxpresso.tools.win32_11.0.0.201905131304/tools/bin/../lib/gcc/arm-none-eabi/8.2.1/thumb/v6-m/nofp\libcr_eabihelpers.a(division_idiv0.o)
 .ARM.attributes
                0x00000928       0x2c c:/nxp/mcuxpressoide_11.0.0_2516/ide/plugins/com.nxp.mcuxpresso.tools.win32_11.0.0.201905131304/tools/bin/../lib/gcc/arm-none-eabi/8.2.1/thumb/v6-m/nofp\libcr_eabihelpers.a(double.o)
 .ARM.attributes
                0x00000954       0x1c c:/nxp/mcuxpressoide_11.0.0_2516/ide/plugins/com.nxp.mcuxpresso.tools.win32_11.0.0.201905131304/tools/bin/../lib/gcc/arm-none-eabi/8.2.1/thumb/v6-m/nofp\libcr_eabihelpers.a(llong.o)
 .ARM.attributes
                0x00000970       0x1c c:/nxp/mcuxpressoide_11.0.0_2516/ide/plugins/com.nxp.mcuxpresso.tools.win32_11.0.0.201905131304/tools/bin/../lib/gcc/arm-none-eabi/8.2.1/thumb/v6-m/nofp\libcr_eabihelpers.a(memcpy.o)
 .ARM.attributes
                0x0000098c       0x1c c:/nxp/mcuxpressoide_11.0.0_2516/ide/plugins/com.nxp.mcuxpresso.tools.win32_11.0.0.201905131304/tools/bin/../lib/gcc/arm-none-eabi/8.2.1/../../../../arm-none-eabi/lib/thumb/v6-m/nofp\libcr_semihost_nf.a(__sys_close.o)
 .ARM.attributes